
> pages:build
> npx @cloudflare/next-on-pages

⚡️ @cloudflare/next-on-pages CLI v.1.13.16
⚡️ Detected Package Manager: npm (11.6.1)
⚡️ Preparing project...
⚡️ Project is ready
⚡️ Building project...
▲  Vercel CLI 39.4.2
▲  WARNING: You should not upload the `.next` directory.
▲  Installing dependencies...
▲  npm warn Unknown cli config "--unsafe-perm". This will stop working in the next major version of npm.
▲  up to date in 368ms
▲  128 packages are looking for funding
▲  run `npm fund` for details
▲  Detected Next.js version: 15.5.2
▲  Running "npm run build"
▲  > build
▲  > next build
▲  Attention: Next.js now collects completely anonymous telemetry regarding usage.
▲  This information is used to shape Next.js' roadmap and prioritize features.
▲  You can learn more, including how to opt-out if you'd not like to participate in this anonymous program, by visiting the following URL:
▲  https://nextjs.org/telemetry
▲  
▲  ▲ Next.js 15.5.2
▲  - Environments: .env.local
▲  - Experiments (use with caution):
▲    · staticGenerationRetryCount: 1
▲  · staticGenerationMaxConcurrency: 4
▲  
▲  Creating an optimized production build ...
▲  ✓ Compiled successfully in 1312ms
▲  Linting and checking validity of types ...
▲  Collecting page data ...
▲  Generating static params for Pokemon pages...
▲  Generated 9993 Pokemon routes for static build
▲  Generated 9993 Pokemon routes for static build
▲  Total routes to generate: 9993
▲  Generating static pages (0/11318) ...
▲  Generated 9993 Pokemon routes for static build
▲  Total sitemap URLs generated: 10020
▲  name (id):  foongus 590
▲  name (id):  cranidos 408
▲  name (id):  jellicent 593
▲  name (id):  frillish 592
▲  name (id):  amoonguss 591
▲  name (id):  magcargo 219
▲  name (id):  swinub 220
▲  name (id):  piloswine 221
▲  name (id):  budew 406
▲  name (id):  zubat 41
▲  name (id):  houndour 228
▲  name (id):  delibird 225
▲  name (id):  luxray 405
▲  name (id):  roserade 407
▲  name (id):  flygon 330
▲  name (id):  ninetales-alola 10104
▲  name (id):  machamp 68
▲  name (id):  wigglytuff 40
▲  name (id):  vibrava 329
▲  name (id):  machop 66
▲  name (id):  skarmory 227
▲  name (id):  sneasel-hisui 10235
▲  name (id):  sneasel 215
▲  name (id):  machoke 67
▲  name (id):  jigglypuff 39
▲  name (id):  alakazam-mega 10037
▲  name (id):  machamp-gmax 10201
▲  name (id):  burmy 412
▲  name (id):  shelmet 616
▲  name (id):  accelgor 617
▲  name (id):  mienshao 620
▲  name (id):  mienfoo 619
▲  name (id):  castform-sunny 10013
▲  name (id):  castform 351
▲  name (id):  shieldon 410
▲  name (id):  pupitar 247
▲  name (id):  bastiodon 411
▲  name (id):  castform-snowy 10015
▲  name (id):  rampardos 409
▲  name (id):  porygon2 233
▲  name (id):  skarmory 227
▲  name (id):  elekid 239
▲  name (id):  houndoom 229
▲  name (id):  houndoom-mega 10048
▲  name (id):  gloom 44
▲  name (id):  oddish 43
▲  name (id):  tentacool 72
▲  name (id):  castform-rainy 10014
▲  name (id):  golbat 42
▲  name (id):  larvitar 246
▲  name (id):  druddigon 621
▲  name (id):  smoochum 238
▲  name (id):  pawniard 624
▲  name (id):  geodude 74
▲  name (id):  tentacruel 73
▲  name (id):  bouffalant 626
▲  name (id):  vileplume 45
▲  name (id):  mothim 414
▲  name (id):  bisharp 625
▲  name (id):  absol-mega 10057
▲  name (id):  absol 359
▲  name (id):  geodude-alola 10109
▲  name (id):  pelipper 279
▲  name (id):  beldum 374
▲  name (id):  mightyena 262
▲  name (id):  poochyena 261
▲  name (id):  wormadam-plant 413
▲  name (id):  wormadam-sandy 10004
▲  name (id):  wingull 278
▲  name (id):  wormadam-trash 10005
▲  name (id):  surskit 283
▲  name (id):  rufflet 627
▲  name (id):  venonat 48
▲  name (id):  graveler 75
▲  name (id):  graveler-alola 10110
▲  name (id):  combee 415
▲  name (id):  braviary-hisui 10240
▲  name (id):  braviary 628
▲  name (id):  vullaby 629
▲  name (id):  blissey 242
▲  name (id):  glalie 362
▲  name (id):  glalie-mega 10074
▲  name (id):  tyranitar-mega 10049
▲  name (id):  tyranitar 248
▲  name (id):  snorunt 361
▲  name (id):  paras 46
▲  name (id):  venomoth 49
▲  name (id):  pachirisu 417
▲  name (id):  parasect 47
▲  name (id):  vespiquen 416
▲  name (id):  golem 76
▲  name (id):  buizel 418
▲  name (id):  volcarona 637
▲  name (id):  lotad 270
▲  name (id):  electrike 309
▲  name (id):  masquerain 284
▲  name (id):  mandibuzz 630
▲  name (id):  larvesta 636
▲  name (id):  fletchling 661
▲  name (id):  manectric-mega 10055
▲  name (id):  manectric 310
▲  name (id):  golem-alola 10111
▲  name (id):  happiny 440
▲  name (id):  ludicolo 272
▲  name (id):  lombre 271
▲  name (id):  metang 375
▲  name (id):  cherrim 421
▲  name (id):  cherubi 420
▲  name (id):  floatzel 419
▲  name (id):  metagross-mega 10076
▲  name (id):  metagross 376
▲  name (id):  magnemite 81
▲  name (id):  magneton 82
▲  name (id):  doduo 84
▲  name (id):  dugtrio-alola 10106
▲  name (id):  dugtrio 51
▲  name (id):  shellos 422
▲  name (id):  aron 304
▲  name (id):  inkay 686
▲  name (id):  malamar 687
▲  name (id):  talonflame 663
▲  name (id):  vibrava 329
▲  name (id):  fletchinder 662
▲  name (id):  torkoal 324
▲  name (id):  diglett-alola 10105
▲  name (id):  diglett 50
▲  name (id):  gabite 444
▲  name (id):  gible 443
▲  name (id):  trapinch 328
▲  name (id):  flygon 330
▲  name (id):  drifblim 426
▲  name (id):  garchomp 445
▲  name (id):  garchomp-mega 10058
▲  name (id):  clauncher 692
▲  name (id):  gastrodon 423
▲  name (id):  ambipom 424
▲  name (id):  skrelp 690
▲  name (id):  dragalge 691
▲  name (id):  drifloon 425
▲  name (id):  lairon 305
▲  name (id):  clawitzer 693
▲  name (id):  grimer-alola 10112
▲  name (id):  grimer 88
▲  name (id):  aggron-mega 10053
▲  name (id):  aggron 306
▲  name (id):  dodrio 85
▲  name (id):  torkoal 324
▲  name (id):  claydol 344
▲  name (id):  baltoy 343
▲  name (id):  muk 89
▲  name (id):  lumineon 457
▲  name (id):  goomy 704
▲  name (id):  sliggoo-hisui 10241
▲  name (id):  sliggoo 705
▲  name (id):  dedenne 702
▲  name (id):  magnezone 462
▲  name (id):  weavile 461
▲  name (id):  finneon 456
▲  name (id):  muk-alola 10113
▲  name (id):  meowth-galar 10161
▲  name (id):  meowth-alola 10107
▲  name (id):  meowth-gmax 10200
▲  name (id):  meowth 52
▲  name (id):  mismagius 429
▲  name (id):  klefki 707
▲  name (id):  lopunny-mega 10088
▲  name (id):  lopunny 428
▲  name (id):  castform-sunny 10013
▲  name (id):  castform 351
▲  name (id):  cottonee 546
▲  name (id):  spinda 327
▲  name (id):  rockruff 744
▲  name (id):  flygon 330
▲  name (id):  voltorb-hisui 10231
▲  name (id):  voltorb 100
▲  name (id):  porygon-z 474
▲  name (id):  electrode 101
▲  name (id):  electivire 466
▲  name (id):  goodra-hisui 10242
▲  name (id):  castform-snowy 10015
▲  name (id):  goodra 706
▲  name (id):  trapinch 328
▲  name (id):  electrode-hisui 10232
▲  name (id):  buneary 427
▲  name (id):  rockruff-own-tempo 10151
▲  name (id):  vibrava 329
▲  name (id):  castform-rainy 10014
▲  name (id):  psyduck 54
▲  name (id):  golduck 55
▲  name (id):  persian-alola 10108
▲  name (id):  froslass 478
▲  name (id):  persian 53
▲  name (id):  koffing 109
▲  name (id):  glameow 431
▲  name (id):  weezing-galar 10167
▲  name (id):  weezing 110
▲  name (id):  shuppet 353
▲  name (id):  purugly 432
▲  name (id):  petilil 548
▲  name (id):  chingling 433
▲  name (id):  banette 354
▲  name (id):  swablu 333
▲  name (id):  lycanroc-midday 745
▲  name (id):  lycanroc-dusk 10152
▲  name (id):  lycanroc-midnight 10126
▲  name (id):  honchkrow 430
▲  name (id):  barboach 339
▲  name (id):  lilligant-hisui 10237
▲  name (id):  banette-mega 10056
▲  name (id):  lilligant 549
▲  name (id):  altaria-mega 10067
▲  name (id):  whimsicott 547
▲  name (id):  altaria 334
▲  name (id):  primeape 57
▲  name (id):  growlithe 58
▲  name (id):  growlithe-hisui 10229
▲  name (id):  mankey 56
▲  name (id):  horsea 116
▲  name (id):  seadra 117
▲  name (id):  wishiwashi-solo 746
▲  name (id):  wishiwashi-school 10127
▲  name (id):  snorunt 361
▲  name (id):  mareanie 747
▲  name (id):  rhyhorn 111
▲  name (id):  toxapex 748
▲  name (id):  trubbish 568
▲  name (id):  bronzong 437
▲  name (id):  whiscash 340
▲  name (id):  rhydon 112
▲  name (id):  stunky 434
▲  name (id):  skuntank 435
▲  name (id):  sandile 551
▲  name (id):  krokorok 552
▲  name (id):  shuppet 353
▲  name (id):  poliwag 60
▲  name (id):  krookodile 553
▲  name (id):  banette-mega 10056
▲  name (id):  banette 354
▲  name (id):  bronzor 436
▲  name (id):  salandit 757
▲  name (id):  poliwhirl 61
▲  name (id):  fomantis 753
▲  name (id):  lurantis-totem 10128
▲  name (id):  lurantis 754
▲  name (id):  absol-mega 10057
▲  name (id):  absol 359
▲  name (id):  arcanine-hisui 10230
▲  name (id):  arcanine 59
▲  name (id):  garbodor-gmax 10207
▲  name (id):  garbodor 569
▲  name (id):  vanillite 582
▲  name (id):  seaking 119
▲  name (id):  vanillish 583
▲  name (id):  floatzel 419
▲  name (id):  bonsly 438
▲  name (id):  buizel 418
▲  name (id):  goldeen 118
▲  name (id):  chatot 441
▲  name (id):  honchkrow 430
▲  name (id):  huntail 367
▲  name (id):  staryu 120
▲  name (id):  oranguru 765
▲  name (id):  clamperl 366
▲  name (id):  starmie 121
▲  name (id):  bonsly 438
▲  name (id):  mime-jr 439
▲  name (id):  happiny 440
▲  name (id):  salazzle-totem 10129
▲  name (id):  salazzle 758
▲  name (id):  vanilluxe 584
▲  name (id):  comfey 764
▲  name (id):  glalie-mega 10074
▲  name (id):  glalie 362
▲  name (id):  pancham 674
▲  name (id):  magikarp 129
▲  name (id):  goomy 704
▲  name (id):  pangoro 675
▲  name (id):  garchomp-mega 10058
▲  name (id):  garchomp 445
▲  name (id):  gible 443
▲  name (id):  poliwrath 62
▲  name (id):  gabite 444
▲  name (id):  wimpod 767
▲  name (id):  alakazam 65
▲  name (id):  abra 63
▲  name (id):  beldum 374
▲  name (id):  passimian 766
▲  name (id):  kadabra 64
▲  name (id):  golisopod 768
▲  name (id):  gible 443
▲  name (id):  sandygast 769
▲  name (id):  gabite 444
▲  name (id):  carnivine 455
▲  name (id):  sliggoo 705
▲  name (id):  sliggoo-hisui 10241
▲  name (id):  garchomp 445
▲  name (id):  goodra-hisui 10242
▲  name (id):  goodra 706
▲  name (id):  spiritomb 442
▲  name (id):  alakazam-mega 10037
▲  name (id):  gyarados 130
▲  name (id):  bulbasaur 1
▲  name (id):  garchomp-mega 10058
▲  name (id):  snover 459
▲  name (id):  gorebyss 368
▲  name (id):  pinsir 127
▲  name (id):  pinsir-mega 10040
▲  name (id):  palossand 770
▲  name (id):  jangmo-o 782
▲  name (id):  hakamo-o 783
▲  name (id):  trumbeak 732
▲  name (id):  toucannon 733
▲  name (id):  gyarados-mega 10041
▲  name (id):  metang 375
▲  name (id):  skorupi 451
▲  name (id):  metagross 376
▲  name (id):  machamp 68
▲  name (id):  drapion 452
▲  name (id):  machop 66
▲  name (id):  kommo-o 784
▲  name (id):  pikipek 731
▲  name (id):  machoke 67
▲  name (id):  klefki 707
▲  name (id):  machamp-gmax 10201
▲  name (id):  metagross-mega 10076
▲  name (id):  kommo-o-totem 10146
▲  name (id):  blipbug 824
▲  name (id):  crobat 169
▲  name (id):  ivysaur 2
▲  name (id):  venusaur 3
▲  name (id):  venusaur-mega 10033
▲  name (id):  venusaur-gmax 10195
▲  name (id):  skwovet 819
▲  name (id):  lanturn 171
▲  name (id):  munchlax 446
▲  name (id):  riolu 447
▲  Generating static pages (473/11318)
▲  name (id):  greedent 820
▲  name (id):  yungoos 734
▲  name (id):  chinchou 170
▲  name (id):  grubbin 736
▲  name (id):  lucario 448
▲  name (id):  gabite 444
▲  name (id):  victreebel 71
▲  name (id):  gible 443
▲  name (id):  weepinbell 70
▲  name (id):  happiny 440
▲  name (id):  abomasnow 460
▲  name (id):  abomasnow-mega 10060
▲  name (id):  gumshoos 735
▲  name (id):  gumshoos-totem 10121
▲  name (id):  orbeetle-gmax 10213
▲  name (id):  orbeetle 826
▲  name (id):  dottler 825
▲  name (id):  bellsprout 69
▲  name (id):  magnezone 462
▲  name (id):  lucario-mega 10059
▲  name (id):  chewtle 833
▲  name (id):  weavile 461
▲  name (id):  hippowdon 450
▲  name (id):  applin 840
▲  name (id):  crabrawler 739
▲  name (id):  drednaw-gmax 10214
▲  name (id):  drednaw 834
▲  name (id):  pichu 172
▲  name (id):  vikavolt-totem 10122
▲  name (id):  flapple 841
▲  name (id):  vikavolt 738
▲  name (id):  igglybuff 174
▲  name (id):  skorupi 451
▲  name (id):  charjabug 737
▲  name (id):  hippopotas 449
▲  name (id):  flapple-gmax 10216
▲  name (id):  charmeleon 5
▲  name (id):  natu 177
▲  name (id):  finneon 456
▲  name (id):  charizard-mega-x 10034
▲  name (id):  charizard 6
▲  name (id):  lumineon 457
▲  name (id):  appletun-gmax 10217
▲  name (id):  appletun 842
▲  name (id):  garchomp 445
▲  name (id):  garchomp-mega 10058
▲  name (id):  silicobra 843
▲  name (id):  lickilicky 463
▲  name (id):  geodude-alola 10109
▲  name (id):  mamoswine 473
▲  name (id):  geodude 74
▲  name (id):  gliscor 472
▲  name (id):  carnivine 455
▲  name (id):  crabominable 740
▲  name (id):  sandaconda-gmax 10218
▲  name (id):  sandaconda 844
▲  name (id):  tentacruel 73
▲  name (id):  xatu 178
▲  name (id):  charmander 4
▲  name (id):  croagunk 453
▲  name (id):  toxicroak 454
▲  name (id):  charizard-gmax 10196
▲  name (id):  charizard-mega-y 10035
▲  name (id):  porygon-z 474
▲  name (id):  wobbuffet 202
▲  name (id):  magnezone 462
▲  name (id):  oricorio-baile 741
▲  name (id):  oricorio-pau 10124
▲  name (id):  oricorio-pom-pom 10123
▲  name (id):  electivire 466
▲  name (id):  cramorant-gulping 10182
▲  name (id):  cramorant 845
▲  name (id):  drapion 452
▲  name (id):  bellossom 182
▲  name (id):  oricorio-sensu 10125
▲  name (id):  cramorant-gorging 10183
▲  name (id):  marill 183
▲  name (id):  weavile 461
▲  name (id):  wartortle 8
▲  name (id):  arrokuda 846
▲  name (id):  squirtle 7
▲  name (id):  barraskewda 847
▲  name (id):  tentacool 72
▲  name (id):  clobbopus 852
▲  name (id):  azumarill 184
▲  name (id):  cutiefly 742
▲  name (id):  snover 459
▲  name (id):  mantyke 458
▲  name (id):  grapploct 853
▲  name (id):  caterpie 10
▲  name (id):  cottonee 546
▲  name (id):  petilil 548
▲  name (id):  lumineon 457
▲  name (id):  finneon 456
▲  name (id):  whimsicott 547
▲  name (id):  pincurchin 871
▲  name (id):  morpeko-hangry 10187
▲  name (id):  morpeko-full-belly 877
▲  name (id):  slugma 218
▲  name (id):  ribombee-totem 10150
▲  name (id):  ribombee 743
▲  name (id):  blastoise-mega 10036
▲  name (id):  blastoise-gmax 10197
▲  name (id):  blastoise 9
▲  name (id):  froslass 478
▲  name (id):  rotom 479
▲  name (id):  golem-alola 10111
▲  name (id):  golem 76
▲  name (id):  heracross-mega 10047
▲  name (id):  heracross 214
▲  name (id):  rotom-wash 10009
▲  name (id):  rotom-heat 10008
▲  name (id):  weedle 13
▲  name (id):  rotom-fan 10011
▲  name (id):  kubfu 891
▲  name (id):  magnezone 462
▲  name (id):  urshifu-single-strike-gmax 10226
▲  name (id):  urshifu-single-strike 892
▲  name (id):  urshifu-rapid-strike 10191
▲  name (id):  rotom-frost 10010
▲  name (id):  graveler-alola 10110
▲  name (id):  graveler 75
▲  name (id):  urshifu-rapid-strike-gmax 10227
▲  name (id):  mudsdale 750
▲  name (id):  weavile 461
▲  name (id):  wishiwashi-school 10127
▲  name (id):  wishiwashi-solo 746
▲  name (id):  abomasnow-mega 10060
▲  name (id):  abomasnow 460
▲  name (id):  metapod 11
▲  name (id):  girafarig 203
▲  name (id):  butterfree-gmax 10198
▲  name (id):  butterfree 12
▲  name (id):  mudbray 749
▲  name (id):  rotom-mow 10012
▲  name (id):  lilligant-hisui 10237
▲  name (id):  lilligant 549
▲  name (id):  basculin-red-striped 550
▲  name (id):  basculin-blue-striped 10016
▲  name (id):  kakuna 14
▲  name (id):  patrat 504
▲  name (id):  purrloin 509
▲  name (id):  watchog 505
▲  name (id):  basculin-white-striped 10247
▲  name (id):  zarude-dada 10192
▲  name (id):  zarude 893
▲  name (id):  morelull 755
▲  name (id):  dewpider 751
▲  name (id):  nidoran-f 29
▲  name (id):  rapidash 78
▲  name (id):  rapidash-galar 10163
▲  name (id):  araquanid-totem 10153
▲  name (id):  araquanid 752
▲  name (id):  ponyta-galar 10162
▲  name (id):  magcargo 219
▲  name (id):  ponyta 77
▲  name (id):  pidgey 16
▲  name (id):  tangrowth 465
▲  name (id):  electivire 466
▲  name (id):  skarmory 227
▲  name (id):  rhyperior 464
▲  name (id):  corsola-galar 10173
▲  name (id):  corsola 222
▲  name (id):  gurdurr 533
▲  name (id):  sandile 551
▲  name (id):  beedrill 15
▲  name (id):  beedrill-mega 10090
▲  name (id):  lickilicky 463
▲  name (id):  liepard 510
▲  name (id):  shiinotic 756
▲  name (id):  conkeldurr 534
▲  name (id):  krokorok 552
▲  name (id):  nidorino 33
▲  name (id):  nidorina 30
▲  name (id):  timburr 532
▲  name (id):  krookodile 553
▲  name (id):  nidoran-m 32
▲  name (id):  nidoqueen 31
▲  name (id):  kingdra 230
▲  name (id):  phanpy 231
▲  name (id):  donphan 232
▲  name (id):  pidgeotto 17
▲  name (id):  yanmega 469
▲  name (id):  treecko 252
▲  name (id):  pidgeot-mega 10073
▲  name (id):  pidgeot 18
▲  name (id):  leafeon 470
▲  name (id):  slowpoke-galar 10164
▲  name (id):  slowpoke 79
▲  name (id):  togekiss 468
▲  name (id):  magmortar 467
▲  name (id):  trubbish 568
▲  name (id):  scraggy 559
▲  name (id):  rattata 19
▲  name (id):  basculin-red-striped 550
▲  name (id):  basculin-white-striped 10247
▲  name (id):  basculin-blue-striped 10016
▲  name (id):  garbodor 569
▲  name (id):  slowbro-mega 10071
▲  name (id):  slowbro 80
▲  name (id):  rattata-alola 10091
▲  name (id):  trubbish 568
▲  name (id):  zubat 41
▲  name (id):  scrafty 560
▲  name (id):  nidoking 34
▲  name (id):  garbodor-gmax 10207
▲  name (id):  grovyle 253
▲  name (id):  slowbro-galar 10165
▲  name (id):  torchic 255
▲  name (id):  mamoswine 473
▲  name (id):  garbodor 569
▲  name (id):  porygon-z 474
▲  name (id):  garbodor-gmax 10207
▲  name (id):  clefairy 35
▲  name (id):  zorua-hisui 10238
▲  name (id):  zorua 570
▲  name (id):  cinccino 573
▲  name (id):  clefable 36
▲  name (id):  vanillite 582
▲  name (id):  glaceon 471
▲  name (id):  magneton 82
▲  name (id):  magnemite 81
▲  name (id):  farfetchd 83
▲  name (id):  minccino 572
▲  name (id):  sceptile-mega 10065
▲  name (id):  sceptile 254
▲  name (id):  farfetchd-galar 10166
▲  name (id):  gliscor 472
▲  name (id):  minior-yellow-meteor 10131
▲  name (id):  minior-red-meteor 774
▲  name (id):  minior-orange-meteor 10130
▲  name (id):  gothorita 575
▲  name (id):  minior-indigo-meteor 10134
▲  name (id):  minior-green-meteor 10132
▲  name (id):  minior-violet-meteor 10135
▲  name (id):  minior-blue-meteor 10133
▲  name (id):  gothita 574
▲  name (id):  vanillish 583
▲  name (id):  ponyta-galar 10162
▲  name (id):  raticate-alola 10092
▲  name (id):  raticate-totem-alola 10093
▲  name (id):  raticate 20
▲  name (id):  jellicent 593
▲  name (id):  vanilluxe 584
▲  name (id):  minior-orange 10137
▲  name (id):  minior-yellow 10138
▲  name (id):  frillish 592
▲  name (id):  ponyta-galar 10162
▲  name (id):  doduo 84
▲  name (id):  seel 86
▲  name (id):  minior-green 10139
▲  name (id):  probopass 476
▲  name (id):  zoroark-hisui 10239
▲  name (id):  golbat 42
▲  name (id):  zoroark 571
▲  name (id):  dusknoir 477
▲  name (id):  minior-red 10136
▲  name (id):  mudkip 258
▲  name (id):  dodrio 85
▲  name (id):  minior-violet 10142
▲  name (id):  blaziken-mega 10050
▲  name (id):  blaziken 257
▲  name (id):  minior-indigo 10141
▲  name (id):  rapidash-galar 10163
▲  name (id):  minior-blue 10140
▲  name (id):  combusken 256
▲  name (id):  rapidash-galar 10163
▲  name (id):  vanillish 583
▲  name (id):  vanilluxe 584
▲  name (id):  vanillite 582
▲  name (id):  arbok 24
▲  name (id):  beheeyem 606
▲  name (id):  spearow 21
▲  name (id):  fearow 22
▲  name (id):  komala 775
▲  name (id):  gallade-mega 10068
▲  name (id):  gallade 475
▲  name (id):  elgyem 605
▲  name (id):  golett 622
▲  name (id):  golurk 623
▲  name (id):  gothitelle 576
▲  name (id):  dewgong 87
▲  name (id):  ekans 23
▲  name (id):  marshtomp 259
▲  name (id):  poochyena 261
▲  name (id):  grimer-alola 10112
▲  name (id):  grimer 88
▲  name (id):  turtonator 776
▲  name (id):  swampert-mega 10064
▲  name (id):  swampert 260
▲  name (id):  mr-mime-galar 10168
▲  name (id):  karrablast 588
▲  name (id):  jynx 124
▲  name (id):  togedemaru-totem 10154
▲  name (id):  togedemaru 777
▲  name (id):  escavalier 589
▲  name (id):  florges 671
▲  name (id):  pawniard 624
▲  name (id):  flabebe 669
▲  name (id):  amoonguss 591
▲  name (id):  bisharp 625
▲  name (id):  froslass 478
▲  name (id):  mr-mime-galar 10168
▲  name (id):  muk 89
▲  name (id):  foongus 590
▲  name (id):  muk-alola 10113
▲  name (id):  mimikyu-disguised 778
▲  name (id):  mightyena 262
▲  name (id):  zigzagoon-galar 10174
▲  name (id):  zigzagoon 263
▲  name (id):  goomy 704
▲  name (id):  rotom-heat 10008
▲  name (id):  rotom 479
▲  name (id):  rotom-wash 10009
▲  name (id):  dedenne 702
▲  name (id):  magikarp 129
▲  name (id):  mimikyu-totem-busted 10145
▲  name (id):  mimikyu-totem-disguised 10144
▲  name (id):  lampent 608
▲  name (id):  cubchoo 613
▲  name (id):  linoone 264
▲  name (id):  litwick 607
▲  name (id):  mimikyu-busted 10143
▲  name (id):  chandelure 609
▲  name (id):  rotom-fan 10011
▲  name (id):  pancham 674
▲  name (id):  rotom-mow 10012
▲  name (id):  pangoro 675
▲  name (id):  rotom-frost 10010
▲  name (id):  shellder 90
▲  name (id):  linoone-galar 10175
▲  name (id):  magmar 126
▲  name (id):  gastly 92
▲  name (id):  silcoon 266
▲  name (id):  wurmple 265
▲  name (id):  gyarados 130
▲  name (id):  electabuzz 125
▲  name (id):  cloyster 91
▲  name (id):  bruxish 779
▲  name (id):  gyarados-mega 10041
▲  name (id):  shelmet 616
▲  name (id):  cryogonal 615
▲  name (id):  accelgor 617
▲  name (id):  uxie 480
▲  name (id):  beautifly 267
▲  name (id):  sliggoo 705
▲  name (id):  sliggoo-hisui 10241
▲  name (id):  beartic 614
▲  name (id):  cascoon 268
▲  name (id):  tapu-bulu 787
▲  name (id):  lapras-gmax 10204
▲  name (id):  lapras 131
▲  name (id):  goodra-hisui 10242
▲  name (id):  goodra 706
▲  name (id):  drampa 780
▲  name (id):  gengar-mega 10038
▲  name (id):  gengar-gmax 10202
▲  name (id):  gengar 94
▲  name (id):  eevee 133
▲  name (id):  eevee-gmax 10205
▲  name (id):  lotad 270
▲  name (id):  rattata-alola 10091
▲  name (id):  lombre 271
▲  name (id):  azelf 482
▲  name (id):  eevee-starter 10159
▲  name (id):  stunfisk-galar 10180
▲  name (id):  stunfisk 618
▲  name (id):  rattata-alola 10091
▲  name (id):  toucannon 733
▲  name (id):  druddigon 621
▲  name (id):  pikipek 731
▲  name (id):  trumbeak 732
▲  name (id):  dustox 269
▲  name (id):  haunter 93
▲  name (id):  pawniard 624
▲  name (id):  mesprit 481
▲  name (id):  dialga-origin 10245
▲  name (id):  dialga 483
▲  name (id):  pikachu-pop-star 10082
▲  name (id):  pikachu 25
▲  name (id):  pikachu-belle 10081
▲  name (id):  pikachu-rock-star 10080
▲  name (id):  klefki 707
▲  name (id):  spearow 21
▲  name (id):  jolteon 135
▲  name (id):  vaporeon 134
▲  name (id):  durant 632
▲  name (id):  deino 633
▲  name (id):  pikachu-cosplay 10085
▲  name (id):  pikachu-libre 10084
▲  name (id):  onix 95
▲  name (id):  pikachu-phd 10083
▲  name (id):  pikachu-original-cap 10094
▲  name (id):  heatmor 631
▲  name (id):  seedot 273
▲  name (id):  heatran 485
▲  name (id):  krabby 98
▲  name (id):  bisharp 625
▲  name (id):  pikachu-sinnoh-cap 10096
▲  name (id):  pikachu-kalos-cap 10098
▲  name (id):  pikachu-hoenn-cap 10095
▲  name (id):  grubbin 736
▲  name (id):  raticate-alola 10092
▲  name (id):  nuzleaf 274
▲  name (id):  pikachu-unova-cap 10097
▲  name (id):  yungoos 734
▲  name (id):  regigigas 486
▲  name (id):  ludicolo 272
▲  name (id):  pikachu-starter 10158
▲  name (id):  shiftry 275
▲  name (id):  raticate-alola 10092
▲  name (id):  raticate-alola 10092
▲  name (id):  pikachu-world-cap 10160
▲  name (id):  pikachu-alola-cap 10099
▲  name (id):  palkia-origin 10246
▲  name (id):  palkia 484
▲  name (id):  pikachu-partner-cap 10148
▲  name (id):  pikachu-gmax 10199
▲  name (id):  omanyte 138
▲  name (id):  drowzee 96
▲  name (id):  hypno 97
▲  name (id):  goomy 704
▲  name (id):  kabuto 140
▲  name (id):  zweilous 634
▲  name (id):  omastar 139
▲  name (id):  gumshoos-totem 10121
▲  name (id):  gumshoos 735
▲  name (id):  flareon 136
▲  name (id):  taillow 276
▲  name (id):  sliggoo 705
▲  name (id):  wingull 278
▲  name (id):  swellow 277
▲  name (id):  kingler-gmax 10203
▲  name (id):  kingler 99
▲  name (id):  hydreigon 635
▲  name (id):  cresselia 488
▲  name (id):  sliggoo-hisui 10241
▲  name (id):  golbat 42
▲  name (id):  crabrawler 739
▲  name (id):  charjabug 737
▲  name (id):  zubat 41
▲  name (id):  voltorb-hisui 10231
▲  name (id):  voltorb 100
▲  name (id):  vikavolt-totem 10122
▲  name (id):  vikavolt 738
▲  name (id):  raichu-alola 10100
▲  name (id):  raichu 26
▲  name (id):  giratina-origin 10007
▲  name (id):  giratina-altered 487
▲  name (id):  phione 489
▲  name (id):  diglett-alola 10105
▲  name (id):  sandshrew 27
▲  name (id):  fearow 22
▲  name (id):  goodra-hisui 10242
▲  name (id):  pelipper 279
▲  name (id):  goodra 706
▲  name (id):  klefki 707
▲  name (id):  aerodactyl-mega 10042
▲  name (id):  aerodactyl 142
▲  name (id):  sandshrew-alola 10101
▲  name (id):  kabutops 141
▲  name (id):  diglett-alola 10105
▲  name (id):  electrode-hisui 10232
▲  name (id):  electrode 101
▲  name (id):  crabominable 740
▲  name (id):  darkrai 491
▲  name (id):  manaphy 490
▲  name (id):  shaymin-land 492
▲  name (id):  shaymin-sky 10006
▲  name (id):  oricorio-pom-pom 10123
▲  name (id):  oricorio-pau 10124
▲  name (id):  oricorio-baile 741
▲  name (id):  exeggcute 102
▲  name (id):  snorlax 143
▲  name (id):  nidoran-f 29
▲  name (id):  exeggutor 103
▲  name (id):  snorlax-gmax 10206
▲  name (id):  oricorio-sensu 10125
▲  Generating static pages (1006/11318)
▲  name (id):  phantump 708
▲  name (id):  ralts 280
▲  name (id):  kirlia 281
▲  name (id):  gardevoir-mega 10051
▲  name (id):  gardevoir 282
▲  name (id):  exeggutor-alola 10114
▲  name (id):  dewott 502
▲  name (id):  oshawott 501
▲  name (id):  sandslash-alola 10102
▲  name (id):  sandslash 28
▲  name (id):  dugtrio-alola 10106
▲  name (id):  trevenant 709
▲  name (id):  dugtrio-alola 10106
▲  name (id):  ribombee-totem 10150
▲  name (id):  ribombee 743
▲  name (id):  psyduck 54
▲  name (id):  cutiefly 742
▲  name (id):  surskit 283
▲  name (id):  shroomish 285
▲  name (id):  samurott-hisui 10236
▲  name (id):  arceus 493
▲  name (id):  cubone 104
▲  name (id):  breloom 286
▲  name (id):  articuno-galar 10169
▲  name (id):  pumpkaboo-average 710
▲  name (id):  pumpkaboo-small 10027
▲  name (id):  nidoran-m 32
▲  name (id):  nidorina 30
▲  name (id):  articuno-galar 10169
▲  name (id):  samurott-hisui 10236
▲  name (id):  pumpkaboo-super 10029
▲  name (id):  mudbray 749
▲  name (id):  nidoqueen 31
▲  name (id):  mudsdale 750
▲  name (id):  masquerain 284
▲  name (id):  marowak-alola 10115
▲  name (id):  marowak 105
▲  name (id):  pumpkaboo-large 10028
▲  name (id):  zapdos-galar 10170
▲  name (id):  wishiwashi-school 10127
▲  name (id):  wishiwashi-solo 746
▲  name (id):  nidorino 33
▲  name (id):  marowak-totem 10149
▲  name (id):  petilil 548
▲  name (id):  zapdos-galar 10170
▲  name (id):  primeape 57
▲  name (id):  machop 66
▲  name (id):  golduck 55
▲  name (id):  lilligant-hisui 10237
▲  name (id):  araquanid 752
▲  name (id):  araquanid-totem 10153
▲  name (id):  mankey 56
▲  name (id):  moltres-galar 10171
▲  name (id):  slakoth 287
▲  name (id):  nincada 290
▲  name (id):  hitmonchan 107
▲  name (id):  vigoroth 288
▲  name (id):  lilligant-hisui 10237
▲  name (id):  morelull 755
▲  name (id):  dewpider 751
▲  name (id):  lickitung 108
▲  name (id):  nidoking 34
▲  name (id):  slaking 289
▲  name (id):  moltres-galar 10171
▲  name (id):  hitmonlee 106
▲  name (id):  gourgeist-average 711
▲  name (id):  gourgeist-small 10030
▲  name (id):  dratini 147
▲  name (id):  machamp-gmax 10201
▲  name (id):  gourgeist-super 10032
▲  name (id):  machamp 68
▲  name (id):  gourgeist-large 10031
▲  name (id):  clefairy 35
▲  name (id):  shiinotic 756
▲  name (id):  ninjask 291
▲  name (id):  vulpix 37
▲  name (id):  shedinja 292
▲  name (id):  machoke 67
▲  name (id):  bergmite 712
▲  name (id):  clefable 36
▲  name (id):  tentacool 72
▲  name (id):  loudred 294
▲  name (id):  koffing 109
▲  name (id):  zorua-hisui 10238
▲  name (id):  basculin-blue-striped 10016
▲  name (id):  basculin-red-striped 550
▲  name (id):  basculin-white-striped 10247
▲  name (id):  vulpix-alola 10103
▲  name (id):  rhyhorn 111
▲  name (id):  weezing-galar 10167
▲  name (id):  weezing 110
▲  name (id):  avalugg 713
▲  name (id):  zorua-hisui 10238
▲  name (id):  whismur 293
▲  name (id):  avalugg-hisui 10243
▲  name (id):  dragonite 149
▲  name (id):  crobat 169
▲  name (id):  dragonair 148
▲  name (id):  xerneas 716
▲  name (id):  noibat 714
▲  name (id):  exeggcute 102
▲  name (id):  rufflet 627
▲  name (id):  tentacruel 73
▲  name (id):  hypno 97
▲  name (id):  cleffa 173
▲  name (id):  zoroark-hisui 10239
▲  name (id):  azurill 298
▲  name (id):  ninetales 38
▲  name (id):  ninetales-alola 10104
▲  name (id):  tangela 114
▲  name (id):  exploud 295
▲  name (id):  drowzee 96
▲  name (id):  zoroark-hisui 10239
▲  name (id):  noivern 715
▲  name (id):  kangaskhan 115
▲  name (id):  jigglypuff 39
▲  name (id):  umbreon 197
▲  name (id):  espeon 196
▲  name (id):  makuhita 296
▲  name (id):  chansey 113
▲  name (id):  yveltal 717
▲  name (id):  hariyama 297
▲  name (id):  rhydon 112
▲  name (id):  shuckle 213
▲  name (id):  minior-red-meteor 774
▲  name (id):  minior-orange-meteor 10130
▲  name (id):  minior-yellow-meteor 10131
▲  name (id):  scyther 123
▲  name (id):  kangaskhan-mega 10039
▲  name (id):  sneasel 215
▲  name (id):  minior-violet-meteor 10135
▲  name (id):  minior-indigo-meteor 10134
▲  name (id):  minior-green-meteor 10132
▲  name (id):  minior-blue-meteor 10133
▲  name (id):  tornadus-therian 10019
▲  name (id):  tornadus-incarnate 641
▲  name (id):  braviary-hisui 10240
▲  name (id):  sneasel-hisui 10235
▲  name (id):  minior-red 10136
▲  name (id):  minior-yellow 10138
▲  name (id):  oddish 43
▲  name (id):  minior-green 10139
▲  name (id):  nosepass 299
▲  name (id):  minior-orange 10137
▲  name (id):  delcatty 301
▲  name (id):  horsea 116
▲  name (id):  chansey 113
▲  name (id):  goldeen 118
▲  name (id):  braviary-hisui 10240
▲  name (id):  exeggutor-alola 10114
▲  name (id):  zygarde-50-power-construct 10119
▲  name (id):  zygarde-10-power-construct 10118
▲  name (id):  zygarde-50 718
▲  name (id):  minior-indigo 10141
▲  name (id):  skitty 300
▲  name (id):  minior-blue 10140
▲  name (id):  minior-violet 10142
▲  name (id):  zubat 41
▲  name (id):  zygarde-10 10181
▲  name (id):  seadra 117
▲  name (id):  exeggutor-alola 10114
▲  name (id):  golbat 42
▲  name (id):  swinub 220
▲  name (id):  zygarde-complete 10120
▲  name (id):  wigglytuff 40
▲  name (id):  delibird 225
▲  name (id):  piloswine 221
▲  name (id):  sableye 302
▲  name (id):  komala 775
▲  name (id):  landorus-incarnate 645
▲  name (id):  landorus-therian 10021
▲  name (id):  sableye-mega 10066
▲  name (id):  thundurus-incarnate 642
▲  name (id):  thundurus-therian 10020
▲  name (id):  aron 304
▲  name (id):  vileplume 45
▲  name (id):  turtonator 776
▲  name (id):  larvitar 246
▲  name (id):  gloom 44
▲  name (id):  staryu 120
▲  name (id):  smoochum 238
▲  name (id):  paras 46
▲  name (id):  togedemaru 777
▲  name (id):  togedemaru-totem 10154
▲  name (id):  parasect 47
▲  name (id):  elekid 239
▲  name (id):  goomy 704
▲  name (id):  magby 240
▲  name (id):  sylveon 700
▲  name (id):  sliggoo-hisui 10241
▲  name (id):  mr-mime 122
▲  name (id):  mawile-mega 10052
▲  name (id):  mawile 303
▲  name (id):  tauros-paldea-combat-breed 10250
▲  name (id):  tauros 128
▲  name (id):  seaking 119
▲  name (id):  mimikyu-disguised 778
▲  name (id):  sliggoo-hisui 10241
▲  name (id):  starmie 121
▲  name (id):  pinsir-mega 10040
▲  name (id):  pinsir 127
▲  name (id):  mimikyu-totem-busted 10145
▲  name (id):  venonat 48
▲  name (id):  mimikyu-totem-disguised 10144
▲  name (id):  tauros-paldea-blaze-breed 10251
▲  name (id):  mr-mime-galar 10168
▲  name (id):  mimikyu-busted 10143
▲  name (id):  tauros-paldea-aqua-breed 10252
▲  name (id):  pupitar 247
▲  name (id):  bergmite 712
▲  name (id):  lairon 305
▲  name (id):  venomoth 49
▲  name (id):  bruxish 779
▲  name (id):  meditite 307
▲  name (id):  magikarp 129
▲  name (id):  tyranitar 248
▲  name (id):  tyranitar-mega 10049
▲  name (id):  zigzagoon-galar 10174
▲  name (id):  goodra-hisui 10242
▲  name (id):  aggron-mega 10053
▲  name (id):  aggron 306
▲  name (id):  avalugg-hisui 10243
▲  name (id):  diglett-alola 10105
▲  name (id):  diglett 50
▲  name (id):  zigzagoon-galar 10174
▲  name (id):  scyther 123
▲  name (id):  goodra-hisui 10242
▲  name (id):  avalugg-hisui 10243
▲  name (id):  gyarados 130
▲  name (id):  drampa 780
▲  name (id):  jynx 124
▲  name (id):  electabuzz 125
▲  name (id):  tapu-bulu 787
▲  name (id):  gyarados-mega 10041
▲  name (id):  rattata-alola 10091
▲  name (id):  medicham-mega 10054
▲  name (id):  medicham 308
▲  name (id):  dartrix 723
▲  name (id):  electrike 309
▲  name (id):  rowlet 722
▲  name (id):  rattata-alola 10091
▲  name (id):  manectric 310
▲  name (id):  dugtrio 51
▲  name (id):  dugtrio-alola 10106
▲  name (id):  pikachu-hoenn-cap 10095
▲  name (id):  pikachu-hoenn-cap 10095
▲  name (id):  manectric-mega 10055
▲  name (id):  lapras-gmax 10204
▲  name (id):  lapras 131
▲  name (id):  sableye 302
▲  name (id):  pikachu-hoenn-cap 10095
▲  name (id):  pikachu-hoenn-cap 10095
▲  name (id):  pikachu-hoenn-cap 10095
▲  name (id):  pikachu-hoenn-cap 10095
▲  name (id):  aerodactyl 142
▲  name (id):  pinsir-mega 10040
▲  name (id):  pinsir 127
▲  name (id):  linoone-galar 10175
▲  name (id):  magmar 126
▲  name (id):  pikachu-hoenn-cap 10095
▲  name (id):  volbeat 313
▲  name (id):  meowth-alola 10107
▲  name (id):  meowth 52
▲  name (id):  pikachu-hoenn-cap 10095
▲  name (id):  pikachu-hoenn-cap 10095
▲  name (id):  pikachu-hoenn-cap 10095
▲  name (id):  aerodactyl-mega 10042
▲  name (id):  linoone-galar 10175
▲  name (id):  meowth-gmax 10200
▲  name (id):  minun 312
▲  name (id):  decidueye-hisui 10244
▲  name (id):  tauros 128
▲  name (id):  meowth-galar 10161
▲  name (id):  pikachu-hoenn-cap 10095
▲  name (id):  pikachu-hoenn-cap 10095
▲  name (id):  pikachu-hoenn-cap 10095
▲  name (id):  pikachu-hoenn-cap 10095
▲  name (id):  sableye-mega 10066
▲  name (id):  raticate-alola 10092
▲  name (id):  pikachu-hoenn-cap 10095
▲  name (id):  plusle 311
▲  name (id):  tauros-paldea-combat-breed 10250
▲  name (id):  pikachu-hoenn-cap 10095
▲  name (id):  tauros-paldea-blaze-breed 10251
▲  name (id):  decidueye-hisui 10244
▲  name (id):  tauros-paldea-aqua-breed 10252
▲  name (id):  raticate-alola 10092
▲  name (id):  raticate-alola 10092
▲  name (id):  pikachu-hoenn-cap 10095
▲  name (id):  spearow 21
▲  name (id):  dragonair 148
▲  name (id):  kleavor 900
▲  name (id):  magikarp 129
▲  name (id):  wyrdeer 899
▲  name (id):  aron 304
▲  name (id):  ursaluna 901
▲  name (id):  dratini 147
▲  name (id):  roselia 315
▲  name (id):  ursaluna-bloodmoon 10272
▲  name (id):  swalot 317
▲  name (id):  persian-alola 10108
▲  name (id):  persian 53
▲  name (id):  mawile 303
▲  name (id):  mawile-mega 10052
▲  name (id):  dragonite 149
▲  name (id):  gulpin 316
▲  name (id):  zubat 41
▲  name (id):  basculegion-male 902
▲  name (id):  basculegion-female 10248
▲  name (id):  golbat 42
▲  name (id):  sneasler 903
▲  name (id):  illumise 314
▲  name (id):  lapras-gmax 10204
▲  name (id):  lapras 131
▲  name (id):  fearow 22
▲  name (id):  gyarados-mega 10041
▲  name (id):  gyarados 130
▲  name (id):  raichu 26
▲  name (id):  swablu 333
▲  name (id):  diglett-alola 10105
▲  name (id):  lairon 305
▲  name (id):  murkrow 198
▲  name (id):  enamorus-therian 10249
▲  name (id):  enamorus-incarnate 905
▲  name (id):  overqwil 904
▲  name (id):  crobat 169
▲  name (id):  psyduck 54
▲  name (id):  primeape 57
▲  name (id):  snubbull 209
▲  name (id):  raichu-alola 10100
▲  name (id):  carvanha 318
▲  name (id):  ditto 132
▲  name (id):  diglett-alola 10105
▲  name (id):  aggron-mega 10053
▲  name (id):  aggron 306
▲  name (id):  golduck 55
▲  name (id):  wailmer 320
▲  name (id):  eevee-starter 10159
▲  name (id):  eevee-gmax 10205
▲  name (id):  eevee 133
▲  name (id):  mankey 56
▲  name (id):  sharpedo-mega 10070
▲  name (id):  sharpedo 319
▲  name (id):  granbull 210
▲  name (id):  sandshrew-alola 10101
▲  name (id):  sandshrew 27
▲  name (id):  sandslash 28
▲  name (id):  barboach 339
▲  name (id):  psyduck 54
▲  name (id):  altaria-mega 10067
▲  name (id):  altaria 334
▲  name (id):  wailord 321
▲  name (id):  dugtrio-alola 10106
▲  name (id):  sandslash-alola 10102
▲  name (id):  whiscash 340
▲  name (id):  camerupt-mega 10087
▲  name (id):  camerupt 323
▲  name (id):  arcanine-hisui 10230
▲  name (id):  arcanine 59
▲  name (id):  porygon 137
▲  name (id):  vaporeon 134
▲  name (id):  flareon 136
▲  name (id):  growlithe-hisui 10229
▲  name (id):  growlithe 58
▲  name (id):  jolteon 135
▲  name (id):  miltank 241
▲  name (id):  numel 322
▲  name (id):  skarmory 227
▲  name (id):  dugtrio-alola 10106
▲  name (id):  scizor-mega 10046
▲  name (id):  scizor 212
▲  name (id):  baltoy 343
▲  name (id):  lileep 345
▲  name (id):  vulpix-alola 10103
▲  name (id):  vulpix 37
▲  name (id):  torkoal 324
▲  name (id):  cradily 346
▲  name (id):  kabuto 140
▲  name (id):  kabutops 141
▲  name (id):  claydol 344
▲  name (id):  ninetales 38
▲  name (id):  grumpig 326
▲  name (id):  poliwhirl 61
▲  name (id):  omanyte 138
▲  name (id):  poliwag 60
▲  name (id):  golduck 55
▲  name (id):  omastar 139
▲  name (id):  wingull 278
▲  name (id):  spoink 325
▲  name (id):  makuhita 296
▲  name (id):  poliwrath 62
▲  name (id):  pelipper 279
▲  name (id):  spinda 327
▲  name (id):  mankey 56
▲  name (id):  abra 63
▲  name (id):  primeape 57
▲  name (id):  ninetales-alola 10104
▲  name (id):  machop 66
▲  name (id):  blissey 242
▲  name (id):  pikachu 25
▲  name (id):  anorith 347
▲  name (id):  snorlax-gmax 10206
▲  name (id):  snorlax 143
▲  name (id):  armaldo 348
▲  name (id):  feebas 349
▲  name (id):  pikachu-pop-star 10082
▲  name (id):  milotic 350
▲  name (id):  pikachu-belle 10081
▲  name (id):  pikachu-phd 10083
▲  name (id):  pikachu-rock-star 10080
▲  name (id):  trapinch 328
▲  name (id):  vibrava 329
▲  name (id):  zubat 41
▲  name (id):  pikachu-cosplay 10085
▲  name (id):  pikachu-libre 10084
▲  name (id):  pikachu-original-cap 10094
▲  name (id):  pikachu-hoenn-cap 10095
▲  name (id):  hariyama 297
▲  name (id):  machamp-gmax 10201
▲  name (id):  machamp 68
▲  name (id):  wigglytuff 40
▲  name (id):  machoke 67
▲  name (id):  machop 66
▲  name (id):  carvanha 318
▲  name (id):  cacnea 331
▲  name (id):  aerodactyl-mega 10042
▲  name (id):  aerodactyl 142
▲  name (id):  flygon 330
▲  Generating static pages (1481/11318)
▲  name (id):  tentacool 72
▲  name (id):  alakazam-mega 10037
▲  name (id):  alakazam 65
▲  name (id):  jigglypuff 39
▲  name (id):  pikachu-alola-cap 10099
▲  name (id):  kadabra 64
▲  name (id):  pikachu-kalos-cap 10098
▲  name (id):  pikachu-sinnoh-cap 10096
▲  name (id):  pikachu-unova-cap 10097
▲  name (id):  pikachu-gmax 10199
▲  name (id):  snorunt 361
▲  name (id):  pikachu-starter 10158
▲  name (id):  sableye-mega 10066
▲  name (id):  sableye 302
▲  name (id):  pikachu-world-cap 10160
▲  name (id):  glalie 362
▲  name (id):  pikachu-partner-cap 10148
▲  name (id):  absol-mega 10057
▲  name (id):  absol 359
▲  name (id):  machamp-gmax 10201
▲  name (id):  machamp 68
▲  name (id):  glalie-mega 10074
▲  name (id):  zapdos-galar 10170
▲  name (id):  zapdos 145
▲  name (id):  oddish 43
▲  name (id):  vileplume 45
▲  name (id):  golbat 42
▲  name (id):  swablu 333
▲  name (id):  articuno-galar 10169
▲  name (id):  articuno 144
▲  name (id):  gloom 44
▲  name (id):  bellsprout 69
▲  name (id):  altaria-mega 10067
▲  name (id):  altaria 334
▲  name (id):  tentacruel 73
▲  name (id):  drowzee 96
▲  name (id):  wailmer 320
▲  name (id):  wailord 321
▲  name (id):  machoke 67
▲  name (id):  hypno 97
▲  name (id):  exeggcute 102
▲  name (id):  sealeo 364
▲  name (id):  spheal 363
▲  name (id):  sharpedo-mega 10070
▲  name (id):  sharpedo 319
▲  name (id):  castform 351
▲  name (id):  castform-sunny 10013
▲  name (id):  raichu 26
▲  name (id):  raichu-alola 10100
▲  name (id):  cacturne 332
▲  name (id):  moltres-galar 10171
▲  name (id):  moltres 146
▲  name (id):  kadabra 64
▲  name (id):  dragonair 148
▲  name (id):  wigglytuff 40
▲  name (id):  jigglypuff 39
▲  name (id):  abra 63
▲  name (id):  walrein 365
▲  name (id):  tentacool 72
▲  name (id):  weepinbell 70
▲  name (id):  whiscash 340
▲  name (id):  barboach 339
▲  name (id):  castform-snowy 10015
▲  name (id):  castform-rainy 10014
▲  name (id):  seviper 336
▲  name (id):  dratini 147
▲  name (id):  lunatone 337
▲  name (id):  exeggutor-alola 10114
▲  name (id):  victreebel 71
▲  name (id):  solrock 338
▲  name (id):  lickitung 108
▲  name (id):  zangoose 335
▲  name (id):  golduck 55
▲  name (id):  venonat 48
▲  name (id):  psyduck 54
▲  name (id):  venomoth 49
▲  name (id):  exeggutor-alola 10114
▲  name (id):  tentacruel 73
▲  name (id):  shelgon 372
▲  name (id):  bagon 371
▲  name (id):  diglett 50
▲  name (id):  diglett-alola 10105
▲  name (id):  relicanth 369
▲  name (id):  chansey 113
▲  name (id):  shellos 422
▲  name (id):  corphish 341
▲  name (id):  relicanth 369
▲  name (id):  happiny 440
▲  name (id):  barboach 339
▲  name (id):  whiscash 340
▲  name (id):  salamence 373
▲  name (id):  machoke 67
▲  name (id):  crawdaunt 342
▲  name (id):  salamence-mega 10089
▲  name (id):  dragonite 149
▲  name (id):  machop 66
▲  name (id):  beldum 374
▲  name (id):  gastrodon 423
▲  name (id):  pinsir-mega 10040
▲  name (id):  pinsir 127
▲  name (id):  scyther 123
▲  name (id):  riolu 447
▲  name (id):  honchkrow 430
▲  name (id):  finneon 456
▲  name (id):  lumineon 457
▲  name (id):  geodude-alola 10109
▲  name (id):  geodude 74
▲  name (id):  metang 375
▲  name (id):  lileep 345
▲  name (id):  metagross 376
▲  name (id):  claydol 344
▲  name (id):  alakazam-mega 10037
▲  name (id):  mewtwo-mega-x 10043
▲  name (id):  mewtwo 150
▲  name (id):  mewtwo-mega-y 10044
▲  name (id):  alakazam 65
▲  name (id):  graveler-alola 10110
▲  name (id):  graveler 75
▲  name (id):  metagross-mega 10076
▲  name (id):  baltoy 343
▲  name (id):  cradily 346
▲  name (id):  dugtrio-alola 10106
▲  name (id):  dugtrio 51
▲  name (id):  meowth-alola 10107
▲  name (id):  meowth 52
▲  name (id):  registeel 379
▲  name (id):  meowth-gmax 10200
▲  name (id):  lucario-mega 10059
▲  name (id):  lucario 448
▲  name (id):  cottonee 546
▲  name (id):  regirock 377
▲  name (id):  tauros 128
▲  name (id):  feebas 349
▲  name (id):  meowth-galar 10161
▲  name (id):  regice 378
▲  name (id):  tauros-paldea-combat-breed 10250
▲  name (id):  tauros-paldea-blaze-breed 10251
▲  name (id):  ponyta 77
▲  name (id):  ponyta-galar 10162
▲  name (id):  tauros-paldea-aqua-breed 10252
▲  name (id):  chikorita 152
▲  name (id):  meganium 154
▲  name (id):  anorith 347
▲  name (id):  armaldo 348
▲  name (id):  magikarp 129
▲  name (id):  milotic 350
▲  name (id):  tentacool 72
▲  name (id):  machamp-gmax 10201
▲  name (id):  machamp 68
▲  name (id):  tentacruel 73
▲  name (id):  bayleef 153
▲  name (id):  gigalith 526
▲  name (id):  boldore 525
▲  name (id):  spiritomb 442
▲  name (id):  bronzor 436
▲  name (id):  roggenrola 524
▲  name (id):  whimsicott 547
▲  name (id):  petilil 548
▲  name (id):  lilligant 549
▲  name (id):  lilligant-hisui 10237
▲  name (id):  mime-jr 439
▲  name (id):  golem 76
▲  name (id):  golem-alola 10111
▲  name (id):  bronzong 437
▲  name (id):  persian 53
▲  name (id):  persian-alola 10108
▲  name (id):  lapras-gmax 10204
▲  name (id):  lapras 131
▲  name (id):  emolga 587
▲  name (id):  geodude-alola 10109
▲  name (id):  geodude 74
▲  name (id):  graveler-alola 10110
▲  name (id):  graveler 75
▲  name (id):  gyarados-mega 10041
▲  name (id):  gyarados 130
▲  name (id):  rapidash-galar 10163
▲  name (id):  rapidash 78
▲  name (id):  rufflet 627
▲  name (id):  gabite 444
▲  name (id):  braviary-hisui 10240
▲  name (id):  braviary 628
▲  name (id):  goomy 704
▲  name (id):  gible 443
▲  name (id):  mew 151
▲  name (id):  garchomp-mega 10058
▲  name (id):  garchomp 445
▲  name (id):  golduck 55
▲  name (id):  slowpoke-galar 10164
▲  name (id):  slowpoke 79
▲  name (id):  castform 351
▲  name (id):  castform-rainy 10014
▲  name (id):  castform-sunny 10013
▲  name (id):  castform-snowy 10015
▲  name (id):  psyduck 54
▲  name (id):  mankey 56
▲  name (id):  primeape 57
▲  name (id):  vullaby 629
▲  name (id):  golem-alola 10111
▲  name (id):  golem 76
▲  name (id):  magnemite 81
▲  name (id):  magneton 82
▲  name (id):  carbink 703
▲  name (id):  dratini 147
▲  name (id):  mandibuzz 630
▲  name (id):  sliggoo 705
▲  name (id):  sliggoo-hisui 10241
▲  name (id):  goodra-hisui 10242
▲  name (id):  goodra 706
▲  name (id):  trumbeak 732
▲  name (id):  pikipek 731
▲  name (id):  dragonair 148
▲  name (id):  toucannon 733
▲  name (id):  yungoos 734
▲  name (id):  gumshoos 735
▲  name (id):  gumshoos-totem 10121
▲  name (id):  crabominable 740
▲  name (id):  crabrawler 739
▲  name (id):  oricorio-pom-pom 10123
▲  name (id):  oricorio-pau 10124
▲  name (id):  oricorio-baile 741
▲  name (id):  oricorio-sensu 10125
▲  name (id):  cutiefly 742
▲  name (id):  ribombee 743
▲  name (id):  ribombee-totem 10150
▲  name (id):  aerodactyl-mega 10042
▲  name (id):  aerodactyl 142
▲  name (id):  quilava 156
▲  name (id):  kecleon 352
▲  name (id):  shuppet 353
▲  name (id):  typhlosion-hisui 10233
▲  name (id):  typhlosion 157
▲  name (id):  lucario-mega 10059
▲  name (id):  lucario 448
▲  name (id):  cyndaquil 155
▲  name (id):  riolu 447
▲  name (id):  growlithe-hisui 10229
▲  name (id):  growlithe 58
▲  name (id):  banette-mega 10056
▲  name (id):  banette 354
▲  name (id):  arcanine-hisui 10230
▲  name (id):  arcanine 59
▲  name (id):  magnemite 81
▲  name (id):  doduo 84
▲  name (id):  munchlax 446
▲  name (id):  dodrio 85
▲  name (id):  misdreavus 200
▲  name (id):  crobat 169
▲  name (id):  rockruff 744
▲  name (id):  sentret 161
▲  name (id):  totodile 158
▲  name (id):  croconaw 159
▲  name (id):  duskull 355
▲  name (id):  dragonite 149
▲  name (id):  rockruff-own-tempo 10151
▲  name (id):  tropius 357
▲  name (id):  feraligatr 160
▲  name (id):  chimecho 358
▲  name (id):  aipom 190
▲  name (id):  snover 459
▲  name (id):  slowbro-mega 10071
▲  name (id):  slowbro-galar 10165
▲  name (id):  slowbro 80
▲  name (id):  dusclops 356
▲  name (id):  grimer-alola 10112
▲  name (id):  grimer 88
▲  name (id):  slowpoke 79
▲  name (id):  slowpoke-galar 10164
▲  name (id):  wynaut 360
▲  name (id):  weavile 461
▲  name (id):  ledyba 165
▲  name (id):  abomasnow-mega 10060
▲  name (id):  abomasnow 460
▲  name (id):  slowbro-mega 10071
▲  name (id):  lycanroc-dusk 10152
▲  name (id):  lycanroc-midnight 10126
▲  name (id):  lycanroc-midday 745
▲  name (id):  slowbro 80
▲  name (id):  mudbray 749
▲  name (id):  mudsdale 750
▲  name (id):  hoothoot 163
▲  name (id):  noctowl 164
▲  name (id):  slowbro-galar 10165
▲  name (id):  snorunt 361
▲  name (id):  doduo 84
▲  name (id):  magneton 82
▲  name (id):  scizor-mega 10046
▲  name (id):  scizor 212
▲  name (id):  granbull 210
▲  name (id):  snubbull 209
▲  name (id):  furret 162
▲  name (id):  voltorb-hisui 10231
▲  name (id):  voltorb 100
▲  name (id):  leafeon 470
▲  name (id):  farfetchd-galar 10166
▲  name (id):  farfetchd 83
▲  name (id):  stufful 759
▲  name (id):  magmortar 467
▲  name (id):  electivire 466
▲  name (id):  glaceon 471
▲  name (id):  bewear 760
▲  name (id):  absol-mega 10057
▲  name (id):  absol 359
▲  name (id):  muk-alola 10113
▲  name (id):  muk 89
▲  name (id):  magnemite 81
▲  name (id):  ledian 166
▲  name (id):  crobat 169
▲  name (id):  grimer 88
▲  name (id):  magneton 82
▲  name (id):  miltank 241
▲  name (id):  spinarak 167
▲  name (id):  wimpod 767
▲  name (id):  golisopod 768
▲  name (id):  dewgong 87
▲  name (id):  ariados 168
▲  name (id):  skarmory 227
▲  name (id):  seel 86
▲  name (id):  heracross-mega 10047
▲  name (id):  heracross 214
▲  name (id):  grimer 88
▲  name (id):  jangmo-o 782
▲  name (id):  glalie-mega 10074
▲  name (id):  dodrio 85
▲  name (id):  glalie 362
▲  name (id):  grimer-alola 10112
▲  name (id):  dhelmise 781
▲  name (id):  froslass 478
▲  name (id):  spheal 363
▲  name (id):  sealeo 364
▲  name (id):  electrode-hisui 10232
▲  name (id):  electrode 101
▲  name (id):  mamoswine 473
▲  name (id):  grimer-alola 10112
▲  name (id):  audino-mega 10069
▲  name (id):  audino 531
▲  name (id):  koffing 109
▲  name (id):  weezing 110
▲  name (id):  clamperl 366
▲  name (id):  huntail 367
▲  name (id):  pichu 172
▲  name (id):  muk-alola 10113
▲  name (id):  muk 89
▲  name (id):  shellder 90
▲  name (id):  gorebyss 368
▲  name (id):  hakamo-o 783
▲  name (id):  weezing-galar 10167
▲  name (id):  lanturn 171
▲  name (id):  tapu-fini 788
▲  name (id):  pelipper 279
▲  name (id):  walrein 365
▲  name (id):  shellder 90
▲  name (id):  wingull 278
▲  name (id):  chinchou 170
▲  name (id):  gurdurr 533
▲  name (id):  kommo-o 784
▲  name (id):  kommo-o-totem 10146
▲  name (id):  cleffa 173
▲  name (id):  conkeldurr 534
▲  name (id):  timburr 532
▲  name (id):  makuhita 296
▲  name (id):  blissey 242
▲  name (id):  horsea 116
▲  name (id):  muk-alola 10113
▲  name (id):  muk 89
▲  name (id):  cottonee 546
▲  name (id):  rhyhorn 111
▲  name (id):  gastly 92
▲  name (id):  shelgon 372
▲  name (id):  bagon 371
▲  name (id):  rhydon 112
▲  name (id):  haunter 93
▲  name (id):  relicanth 369
▲  name (id):  butterfree-gmax 10198
▲  name (id):  metapod 11
▲  name (id):  caterpie 10
▲  name (id):  butterfree 12
▲  name (id):  rattata-alola 10091
▲  name (id):  raticate-alola 10092
▲  name (id):  rattata-alola 10091
▲  name (id):  natu 177
▲  name (id):  raticate-alola 10092
▲  name (id):  spearow 21
▲  name (id):  raticate-alola 10092
▲  name (id):  fearow 22
▲  name (id):  luvdisc 370
▲  name (id):  gengar 94
▲  name (id):  cloyster 91
▲  name (id):  whimsicott 547
▲  name (id):  gengar-gmax 10202
▲  name (id):  igglybuff 174
▲  name (id):  carvanha 318
▲  name (id):  haunter 93
▲  name (id):  cloyster 91
▲  name (id):  togepi 175
▲  name (id):  hariyama 297
▲  name (id):  gengar-mega 10038
▲  name (id):  togetic 176
▲  name (id):  sableye 302
▲  name (id):  sableye-mega 10066
▲  name (id):  beldum 374
▲  name (id):  gastly 92
▲  name (id):  seadra 117
▲  name (id):  seaking 119
▲  name (id):  basculin-white-striped 10247
▲  name (id):  basculin-red-striped 550
▲  name (id):  basculin-blue-striped 10016
▲  name (id):  goldeen 118
▲  name (id):  staryu 120
▲  name (id):  gengar 94
▲  name (id):  metang 375
▲  name (id):  gengar-gmax 10202
▲  name (id):  salamence-mega 10089
▲  name (id):  salamence 373
▲  name (id):  ekans 23
▲  name (id):  flaaffy 180
▲  name (id):  mareep 179
▲  name (id):  hypno 97
▲  name (id):  gengar-mega 10038
▲  name (id):  drowzee 96
▲  name (id):  xatu 178
▲  name (id):  wailord 321
▲  name (id):  ampharos 181
▲  name (id):  darumaka-galar 10176
▲  name (id):  wailmer 320
▲  name (id):  darumaka-galar 10176
▲  name (id):  ampharos-mega 10045
▲  name (id):  sharpedo-mega 10070
▲  name (id):  sharpedo 319
▲  name (id):  magikarp 129
▲  name (id):  regirock 377
▲  name (id):  regice 378
▲  name (id):  pinsir 127
▲  name (id):  pinsir-mega 10040
▲  name (id):  onix 95
▲  name (id):  arbok 24
▲  name (id):  voltorb-hisui 10231
▲  name (id):  voltorb 100
▲  name (id):  metagross-mega 10076
▲  name (id):  metagross 376
▲  name (id):  azumarill 184
▲  name (id):  marill 183
▲  name (id):  bellossom 182
▲  name (id):  darmanitan-galar-standard 10177
▲  name (id):  darmanitan-galar-standard 10177
▲  name (id):  electrode 101
▲  name (id):  electrode-hisui 10232
▲  name (id):  drowzee 96
▲  name (id):  starmie 121
▲  name (id):  barboach 339
▲  name (id):  whiscash 340
▲  name (id):  corphish 341
▲  name (id):  crawdaunt 342
▲  name (id):  darmanitan-galar-standard 10177
▲  name (id):  darmanitan-galar-standard 10177
▲  Generating static pages (1983/11318)
▲  name (id):  registeel 379
▲  name (id):  skiploom 188
▲  name (id):  latias-mega 10062
▲  name (id):  latias 380
▲  name (id):  krabby 98
▲  name (id):  hoppip 187
▲  name (id):  carracosta 565
▲  name (id):  latios 381
▲  name (id):  chinchou 170
▲  name (id):  tirtouga 564
▲  name (id):  crobat 169
▲  name (id):  scyther 123
▲  name (id):  kingler-gmax 10203
▲  name (id):  kingler 99
▲  name (id):  hypno 97
▲  name (id):  sudowoodo 185
▲  name (id):  politoed 186
▲  name (id):  latios-mega 10063
▲  name (id):  gyarados-mega 10041
▲  name (id):  gyarados 130
▲  name (id):  archen 566
▲  name (id):  chansey 113
▲  name (id):  archeops 567
▲  name (id):  gothorita 575
▲  name (id):  sunkern 191
▲  name (id):  gothita 574
▲  name (id):  tauros-paldea-combat-breed 10250
▲  name (id):  sunflora 192
▲  name (id):  voltorb-hisui 10231
▲  name (id):  voltorb 100
▲  name (id):  kyogre-primal 10077
▲  name (id):  kyogre 382
▲  name (id):  jumpluff 189
▲  name (id):  electrode 101
▲  name (id):  electrode-hisui 10232
▲  name (id):  tauros-paldea-combat-breed 10250
▲  name (id):  castform-rainy 10014
▲  name (id):  castform-snowy 10015
▲  name (id):  castform 351
▲  name (id):  castform-sunny 10013
▲  name (id):  aipom 190
▲  name (id):  tauros-paldea-combat-breed 10250
▲  name (id):  lanturn 171
▲  name (id):  groudon 383
▲  name (id):  igglybuff 174
▲  name (id):  tauros-paldea-combat-breed 10250
▲  name (id):  pichu 172
▲  name (id):  groudon-primal 10078
▲  name (id):  natu 177
▲  name (id):  duosion 578
▲  name (id):  solosis 577
▲  name (id):  magikarp 129
▲  name (id):  reuniclus 579
▲  name (id):  relicanth 369
▲  name (id):  gothitelle 576
▲  name (id):  exeggcute 102
▲  name (id):  tropius 357
▲  name (id):  pikachu-alola-cap 10099
▲  name (id):  pikachu-alola-cap 10099
▲  name (id):  pikachu-alola-cap 10099
▲  name (id):  shellos 422
▲  name (id):  gastrodon 423
▲  name (id):  yanma 193
▲  name (id):  cubone 104
▲  name (id):  quagsire 195
▲  name (id):  pikachu-alola-cap 10099
▲  name (id):  bellossom 182
▲  name (id):  pikachu-alola-cap 10099
▲  name (id):  pikachu-alola-cap 10099
▲  name (id):  xatu 178
▲  name (id):  wooper-paldea 10253
▲  name (id):  wooper 194
▲  name (id):  vanillish 583
▲  name (id):  vanillite 582
▲  name (id):  marill 183
▲  name (id):  pikachu-alola-cap 10099
▲  name (id):  azumarill 184
▲  name (id):  vanilluxe 584
▲  name (id):  gyarados 130
▲  name (id):  karrablast 588
▲  name (id):  exeggutor 103
▲  name (id):  exeggutor-alola 10114
▲  name (id):  jirachi 385
▲  name (id):  pikachu-alola-cap 10099
▲  name (id):  pikachu-alola-cap 10099
▲  name (id):  rayquaza-mega 10079
▲  name (id):  rayquaza 384
▲  name (id):  gyarados-mega 10041
▲  name (id):  pikachu-alola-cap 10099
▲  name (id):  ambipom 424
▲  name (id):  wobbuffet 202
▲  name (id):  pikachu-alola-cap 10099
▲  name (id):  buneary 427
▲  name (id):  pikachu-alola-cap 10099
▲  name (id):  galvantula 596
▲  name (id):  ditto 132
▲  name (id):  pikachu-alola-cap 10099
▲  name (id):  joltik 595
▲  name (id):  pikachu-alola-cap 10099
▲  name (id):  lopunny 428
▲  name (id):  lopunny-mega 10088
▲  name (id):  espeon 196
▲  name (id):  eevee-starter 10159
▲  name (id):  eevee 133
▲  name (id):  murkrow 198
▲  name (id):  ferroseed 597
▲  name (id):  eevee-gmax 10205
▲  name (id):  escavalier 589
▲  name (id):  girafarig 203
▲  name (id):  heracross-mega 10047
▲  name (id):  heracross 214
▲  name (id):  pikachu-alola-cap 10099
▲  name (id):  pikachu-alola-cap 10099
▲  name (id):  pikachu-alola-cap 10099
▲  name (id):  umbreon 197
▲  name (id):  hitmonlee 106
▲  name (id):  happiny 440
▲  name (id):  slowking 199
▲  name (id):  litwick 607
▲  name (id):  mismagius 429
▲  name (id):  chandelure 609
▲  name (id):  riolu 447
▲  name (id):  lampent 608
▲  name (id):  ferrothorn 598
▲  name (id):  slugma 218
▲  name (id):  unown 201
▲  name (id):  slowking-galar 10172
▲  name (id):  marowak-totem 10149
▲  name (id):  marowak-alola 10115
▲  name (id):  marowak 105
▲  name (id):  wobbuffet 202
▲  name (id):  magcargo 219
▲  name (id):  corsola-galar 10173
▲  name (id):  corsola 222
▲  name (id):  vaporeon 134
▲  name (id):  jolteon 135
▲  name (id):  raichu-alola 10100
▲  name (id):  flareon 136
▲  name (id):  shelmet 616
▲  name (id):  cryogonal 615
▲  name (id):  raichu-alola 10100
▲  name (id):  lucario 448
▲  name (id):  beartic 614
▲  name (id):  cubchoo 613
▲  name (id):  misdreavus 200
▲  name (id):  koffing 109
▲  name (id):  lucario-mega 10059
▲  name (id):  phanpy 231
▲  name (id):  deoxys-speed 10003
▲  name (id):  deoxys-attack 10001
▲  name (id):  deoxys-normal 386
▲  name (id):  deoxys-defense 10002
▲  name (id):  donphan 232
▲  name (id):  hitmonchan 107
▲  name (id):  kingdra 230
▲  name (id):  weezing 110
▲  name (id):  lumineon 457
▲  name (id):  pichu 172
▲  name (id):  accelgor 617
▲  name (id):  lickitung 108
▲  name (id):  skarmory 227
▲  name (id):  dragonair 148
▲  name (id):  dratini 147
▲  name (id):  druddigon 621
▲  name (id):  finneon 456
▲  name (id):  pineco 204
▲  name (id):  sandslash-alola 10102
▲  name (id):  dunsparce 206
▲  name (id):  dragonite 149
▲  name (id):  lickilicky 463
▲  name (id):  weezing-galar 10167
▲  name (id):  forretress 205
▲  name (id):  golett 622
▲  name (id):  girafarig 203
▲  name (id):  golurk 623
▲  name (id):  sandslash-alola 10102
▲  name (id):  sandshrew-alola 10101
▲  name (id):  grovyle 253
▲  name (id):  flaaffy 180
▲  name (id):  mareep 179
▲  name (id):  cottonee 546
▲  name (id):  sandshrew-alola 10101
▲  name (id):  gigalith 526
▲  name (id):  igglybuff 174
▲  name (id):  boldore 525
▲  name (id):  roggenrola 524
▲  name (id):  durant 632
▲  name (id):  treecko 252
▲  name (id):  sceptile-mega 10065
▲  name (id):  sceptile 254
▲  name (id):  deino 633
▲  name (id):  heatmor 631
▲  name (id):  gligar 207
▲  name (id):  zweilous 634
▲  name (id):  chansey 113
▲  name (id):  rhyhorn 111
▲  name (id):  rhydon 112
▲  name (id):  snubbull 209
▲  name (id):  ampharos 181
▲  name (id):  ampharos-mega 10045
▲  name (id):  steelix-mega 10072
▲  name (id):  steelix 208
▲  name (id):  petilil 548
▲  name (id):  whimsicott 547
▲  name (id):  torchic 255
▲  name (id):  cobalion 638
▲  name (id):  terrakion 639
▲  name (id):  combusken 256
▲  name (id):  vulpix-alola 10103
▲  name (id):  hydreigon 635
▲  name (id):  tangela 114
▲  name (id):  horsea 116
▲  name (id):  lilligant-hisui 10237
▲  name (id):  lilligant 549
▲  name (id):  blaziken-mega 10050
▲  name (id):  blaziken 257
▲  name (id):  virizion 640
▲  name (id):  vulpix-alola 10103
▲  name (id):  clefairy 35
▲  name (id):  sudowoodo 185
▲  name (id):  kangaskhan-mega 10039
▲  name (id):  kangaskhan 115
▲  name (id):  clefable 36
▲  name (id):  marill 183
▲  name (id):  azumarill 184
▲  name (id):  scizor 212
▲  name (id):  qwilfish-hisui 10234
▲  name (id):  qwilfish 211
▲  name (id):  tyrunt 696
▲  name (id):  aurorus 699
▲  name (id):  tyrantrum 697
▲  name (id):  mudkip 258
▲  name (id):  granbull 210
▲  name (id):  amaura 698
▲  name (id):  marshtomp 259
▲  name (id):  zorua 570
▲  name (id):  goldeen 118
▲  name (id):  sunkern 191
▲  name (id):  seaking 119
▲  name (id):  scizor-mega 10046
▲  name (id):  swampert 260
▲  name (id):  swampert-mega 10064
▲  name (id):  skiploom 188
▲  name (id):  seadra 117
▲  name (id):  hoppip 187
▲  name (id):  jumpluff 189
▲  name (id):  staryu 120
▲  name (id):  jigglypuff 39
▲  name (id):  sylveon 700
▲  name (id):  carbink 703
▲  name (id):  basculin-white-striped 10247
▲  name (id):  basculin-blue-striped 10016
▲  name (id):  basculin-red-striped 550
▲  name (id):  phantump 708
▲  name (id):  pikachu-hoenn-cap 10095
▲  name (id):  pikachu-hoenn-cap 10095
▲  name (id):  pikachu-hoenn-cap 10095
▲  name (id):  pikachu-hoenn-cap 10095
▲  name (id):  heracross 214
▲  name (id):  heracross-mega 10047
▲  name (id):  wigglytuff 40
▲  name (id):  zorua-hisui 10238
▲  name (id):  poochyena 261
▲  name (id):  sunflora 192
▲  name (id):  trevenant 709
▲  name (id):  pikachu-hoenn-cap 10095
▲  name (id):  shuckle 213
▲  name (id):  mightyena 262
▲  name (id):  pikachu-hoenn-cap 10095
▲  name (id):  pikachu-hoenn-cap 10095
▲  name (id):  pikachu-hoenn-cap 10095
▲  name (id):  ninetales-alola 10104
▲  name (id):  zigzagoon-galar 10174
▲  name (id):  zigzagoon 263
▲  name (id):  espeon 196
▲  name (id):  pikachu-hoenn-cap 10095
▲  name (id):  pikachu-hoenn-cap 10095
▲  name (id):  emolga 587
▲  name (id):  wurmple 265
▲  name (id):  wooper-paldea 10253
▲  name (id):  pikachu-hoenn-cap 10095
▲  name (id):  silcoon 266
▲  name (id):  zoroark-hisui 10239
▲  name (id):  zoroark 571
▲  name (id):  pikachu-hoenn-cap 10095
▲  name (id):  ninetales-alola 10104
▲  name (id):  wooper-paldea 10253
▲  name (id):  zubat 41
▲  name (id):  golbat 42
▲  name (id):  scyther 123
▲  name (id):  starmie 121
▲  name (id):  pikachu-hoenn-cap 10095
▲  name (id):  pikachu-hoenn-cap 10095
▲  name (id):  pikachu-hoenn-cap 10095
▲  name (id):  pikachu-hoenn-cap 10095
▲  name (id):  mr-mime-galar 10168
▲  name (id):  mr-mime 122
▲  name (id):  pikachu-hoenn-cap 10095
▲  name (id):  avalugg-hisui 10243
▲  name (id):  avalugg 713
▲  name (id):  bergmite 712
▲  name (id):  teddiursa 216
▲  name (id):  noibat 714
▲  name (id):  ursaring 217
▲  name (id):  mienfoo 619
▲  name (id):  rufflet 627
▲  name (id):  sneasel-hisui 10235
▲  name (id):  sneasel 215
▲  name (id):  linoone-galar 10175
▲  name (id):  linoone 264
▲  name (id):  druddigon 621
▲  name (id):  murkrow 198
▲  name (id):  umbreon 197
▲  name (id):  mienshao 620
▲  name (id):  araquanid-totem 10153
▲  name (id):  parasect 47
▲  name (id):  araquanid 752
▲  name (id):  cascoon 268
▲  name (id):  noivern 715
▲  name (id):  dewpider 751
▲  name (id):  electabuzz 125
▲  name (id):  paras 46
▲  name (id):  diglett-alola 10105
▲  name (id):  diglett-alola 10105
▲  name (id):  dugtrio-alola 10106
▲  name (id):  dugtrio-alola 10106
▲  name (id):  jynx 124
▲  name (id):  beautifly 267
▲  name (id):  pinsir 127
▲  name (id):  magmar 126
▲  name (id):  raichu 26
▲  name (id):  raichu-alola 10100
▲  name (id):  slowking-galar 10172
▲  name (id):  slowking 199
▲  name (id):  lotad 270
▲  name (id):  swinub 220
▲  name (id):  piloswine 221
▲  name (id):  vullaby 629
▲  name (id):  pinsir-mega 10040
▲  name (id):  mandibuzz 630
▲  name (id):  braviary-hisui 10240
▲  name (id):  braviary 628
▲  name (id):  dustox 269
▲  name (id):  flabebe 669
▲  name (id):  florges 671
▲  name (id):  slugma 218
▲  name (id):  magcargo 219
▲  name (id):  pineco 204
▲  name (id):  forretress 205
▲  name (id):  meowth-alola 10107
▲  name (id):  litleo 667
▲  name (id):  pyroar 668
▲  name (id):  misdreavus 200
▲  name (id):  sandshrew 27
▲  name (id):  seedot 273
▲  name (id):  mimikyu-totem-disguised 10144
▲  name (id):  mimikyu-totem-busted 10145
▲  name (id):  mimikyu-busted 10143
▲  name (id):  mimikyu-disguised 778
▲  name (id):  lombre 271
▲  name (id):  girafarig 203
▲  name (id):  ludicolo 272
▲  name (id):  nuzleaf 274
▲  name (id):  tauros-paldea-combat-breed 10250
▲  name (id):  tauros-paldea-blaze-breed 10251
▲  name (id):  tauros 128
▲  name (id):  meowth-alola 10107
▲  name (id):  meowth-alola 10107
▲  name (id):  meowth-alola 10107
▲  name (id):  psyduck 54
▲  name (id):  golduck 55
▲  name (id):  sandshrew-alola 10101
▲  name (id):  octillery 224
▲  name (id):  furfrou 676
▲  name (id):  remoraid 223
▲  name (id):  tauros-paldea-aqua-breed 10252
▲  name (id):  greedent 820
▲  name (id):  skwovet 819
▲  name (id):  rookidee 821
▲  name (id):  skrelp 690
▲  name (id):  dhelmise 781
▲  name (id):  inkay 686
▲  name (id):  magikarp 129
▲  name (id):  swellow 277
▲  name (id):  malamar 687
▲  name (id):  taillow 276
▲  name (id):  corsola-galar 10173
▲  name (id):  corsola 222
▲  name (id):  wingull 278
▲  name (id):  sandslash-alola 10102
▲  name (id):  sandslash 28
▲  name (id):  gossifleur 829
▲  name (id):  corvisquire 822
▲  name (id):  gyarados-mega 10041
▲  name (id):  corviknight-gmax 10212
▲  name (id):  gyarados 130
▲  name (id):  corviknight 823
▲  name (id):  qwilfish 211
▲  name (id):  qwilfish-hisui 10234
▲  name (id):  scizor 212
▲  name (id):  dunsparce 206
▲  name (id):  dubwool 832
▲  name (id):  clauncher 692
▲  name (id):  wooloo 831
▲  name (id):  scizor-mega 10046
▲  name (id):  persian-alola 10108
▲  name (id):  eldegoss 830
▲  name (id):  carbink 703
▲  name (id):  yamper 835
▲  name (id):  clawitzer 693
▲  name (id):  houndour 228
▲  name (id):  shiftry 275
▲  name (id):  dragalge 691
▲  name (id):  ditto 132
▲  name (id):  mantine 226
▲  name (id):  persian-alola 10108
▲  name (id):  mankey 56
▲  name (id):  delibird 225
▲  name (id):  vulpix 37
▲  name (id):  boltund 836
▲  name (id):  carkol 838
▲  name (id):  rolycoly 837
▲  name (id):  lapras-gmax 10204
▲  name (id):  lapras 131
▲  name (id):  skarmory 227
▲  name (id):  coalossal 839
▲  name (id):  eevee 133
▲  name (id):  vulpix-alola 10103
▲  name (id):  coalossal-gmax 10215
▲  name (id):  eevee-gmax 10205
▲  name (id):  eevee-starter 10159
▲  name (id):  goomy 704
▲  name (id):  heracross-mega 10047
▲  name (id):  heracross 214
▲  name (id):  kirlia 281
▲  name (id):  goodra 706
▲  name (id):  growlithe-hisui 10229
▲  name (id):  growlithe 58
▲  name (id):  pelipper 279
▲  name (id):  phanpy 231
▲  Generating static pages (2471/11318)
▲  name (id):  centiskorch-gmax 10220
▲  name (id):  centiskorch 851
▲  name (id):  sliggoo-hisui 10241
▲  name (id):  sliggoo 705
▲  name (id):  primeape 57
▲  name (id):  jolteon 135
▲  name (id):  sizzlipede 850
▲  name (id):  jigglypuff 39
▲  name (id):  gardevoir 282
▲  name (id):  kingdra 230
▲  name (id):  goodra-hisui 10242
▲  name (id):  vaporeon 134
▲  name (id):  ralts 280
▲  name (id):  houndoom-mega 10048
▲  name (id):  houndoom 229
▲  name (id):  hatenna 856
▲  name (id):  sinistea 854
▲  name (id):  polteageist 855
▲  name (id):  pikipek 731
▲  name (id):  sneasel 215
▲  name (id):  hattrem 857
▲  name (id):  smeargle 235
▲  name (id):  noibat 714
▲  name (id):  noivern 715
▲  name (id):  gardevoir-mega 10051
▲  name (id):  sneasel-hisui 10235
▲  name (id):  hatterene-gmax 10221
▲  name (id):  hatterene 858
▲  name (id):  shroomish 285
▲  name (id):  stantler 234
▲  name (id):  ninetales 38
▲  name (id):  poliwhirl 61
▲  name (id):  arcanine-hisui 10230
▲  name (id):  ninetales-alola 10104
▲  name (id):  arcanine 59
▲  name (id):  porygon2 233
▲  name (id):  morgrem 860
▲  name (id):  impidimp 859
▲  name (id):  poliwag 60
▲  name (id):  porygon 137
▲  name (id):  trumbeak 732
▲  name (id):  donphan 232
▲  name (id):  surskit 283
▲  name (id):  teddiursa 216
▲  name (id):  ursaring 217
▲  name (id):  omanyte 138
▲  name (id):  flareon 136
▲  name (id):  toucannon 733
▲  name (id):  masquerain 284
▲  name (id):  yungoos 734
▲  name (id):  grimmsnarl-gmax 10222
▲  name (id):  grimmsnarl 861
▲  name (id):  gumshoos 735
▲  name (id):  oricorio-baile 741
▲  name (id):  omastar 139
▲  name (id):  delibird 225
▲  name (id):  oddish 43
▲  name (id):  tyrogue 236
▲  name (id):  crabominable 740
▲  name (id):  gumshoos-totem 10121
▲  name (id):  hitmontop 237
▲  name (id):  zubat 41
▲  name (id):  mr-rime 866
▲  name (id):  obstagoon 862
▲  name (id):  golbat 42
▲  name (id):  abra 63
▲  name (id):  elekid 239
▲  name (id):  crabrawler 739
▲  name (id):  oricorio-sensu 10125
▲  name (id):  slakoth 287
▲  name (id):  snom 872
▲  name (id):  slaking 289
▲  name (id):  vigoroth 288
▲  name (id):  stonjourner 874
▲  name (id):  smoochum 238
▲  name (id):  frosmoth 873
▲  name (id):  breloom 286
▲  name (id):  oricorio-pau 10124
▲  name (id):  kadabra 64
▲  name (id):  phanpy 231
▲  name (id):  cutiefly 742
▲  name (id):  oricorio-pom-pom 10123
▲  name (id):  poliwrath 62
▲  name (id):  houndour 228
▲  name (id):  wigglytuff 40
▲  name (id):  pincurchin 871
▲  name (id):  aerodactyl-mega 10042
▲  name (id):  aerodactyl 142
▲  name (id):  kabutops 141
▲  name (id):  nincada 290
▲  name (id):  eiscue-noice 10185
▲  name (id):  eiscue-ice 875
▲  name (id):  whismur 293
▲  name (id):  houndoom-mega 10048
▲  name (id):  shedinja 292
▲  name (id):  houndoom 229
▲  name (id):  magby 240
▲  name (id):  ninjask 291
▲  name (id):  gloom 44
▲  name (id):  kabuto 140
▲  name (id):  ribombee-totem 10150
▲  name (id):  ribombee 743
▲  name (id):  indeedee-male 876
▲  name (id):  indeedee-female 10186
▲  name (id):  miltank 241
▲  name (id):  vileplume 45
▲  name (id):  alakazam 65
▲  name (id):  raikou 243
▲  name (id):  rockruff-own-tempo 10151
▲  name (id):  rockruff 744
▲  name (id):  psyduck 54
▲  name (id):  cufant 878
▲  name (id):  blissey 242
▲  name (id):  copperajah 879
▲  name (id):  alakazam-mega 10037
▲  name (id):  golduck 55
▲  name (id):  loudred 294
▲  name (id):  donphan 232
▲  name (id):  stantler 234
▲  name (id):  exploud 295
▲  name (id):  morpeko-full-belly 877
▲  name (id):  morpeko-hangry 10187
▲  name (id):  larvitar 246
▲  name (id):  copperajah-gmax 10224
▲  name (id):  articuno-galar 10169
▲  name (id):  articuno 144
▲  name (id):  snorlax-gmax 10206
▲  name (id):  snorlax 143
▲  name (id):  hariyama 297
▲  name (id):  mudbray 749
▲  name (id):  makuhita 296
▲  name (id):  machop 66
▲  name (id):  machoke 67
▲  name (id):  entei 244
▲  name (id):  larvitar 246
▲  name (id):  pupitar 247
▲  name (id):  suicune 245
▲  name (id):  dragapult 887
▲  name (id):  drakloak 886
▲  name (id):  dreepy 885
▲  name (id):  lycanroc-dusk 10152
▲  name (id):  lycanroc-midday 745
▲  name (id):  lycanroc-midnight 10126
▲  name (id):  blissey 242
▲  name (id):  kadabra 64
▲  name (id):  zapdos-galar 10170
▲  name (id):  zapdos 145
▲  name (id):  delcatty 301
▲  name (id):  nosepass 299
▲  name (id):  regidrago 895
▲  name (id):  azurill 298
▲  name (id):  machamp 68
▲  name (id):  moltres-galar 10171
▲  name (id):  moltres 146
▲  name (id):  spectrier 897
▲  name (id):  machamp-gmax 10201
▲  name (id):  abra 63
▲  name (id):  glastrier 896
▲  name (id):  regieleki 894
▲  name (id):  wimpod 767
▲  name (id):  skitty 300
▲  name (id):  bewear 760
▲  name (id):  lugia 249
▲  name (id):  wingull 278
▲  name (id):  mudsdale 750
▲  name (id):  ho-oh 250
▲  name (id):  stufful 759
▲  name (id):  pupitar 247
▲  name (id):  alakazam-mega 10037
▲  name (id):  alakazam 65
▲  name (id):  tyranitar-mega 10049
▲  name (id):  tyranitar 248
▲  name (id):  tyranitar-mega 10049
▲  name (id):  tyranitar 248
▲  name (id):  bulbasaur 1
▲  name (id):  tentacruel 73
▲  name (id):  tentacool 72
▲  name (id):  dragonair 148
▲  name (id):  dratini 147
▲  name (id):  jangmo-o 782
▲  name (id):  mawile-mega 10052
▲  name (id):  mawile 303
▲  name (id):  golisopod 768
▲  name (id):  dhelmise 781
▲  name (id):  hakamo-o 783
▲  name (id):  calyrex 898
▲  name (id):  calyrex-ice 10193
▲  name (id):  calyrex-shadow 10194
▲  name (id):  geodude-alola 10109
▲  name (id):  machamp-gmax 10201
▲  name (id):  machamp 68
▲  name (id):  sableye 302
▲  name (id):  sableye-mega 10066
▲  name (id):  tangrowth 465
▲  name (id):  machoke 67
▲  name (id):  dragonite 149
▲  name (id):  machop 66
▲  name (id):  lickilicky 463
▲  name (id):  pelipper 279
▲  name (id):  ambipom 424
▲  name (id):  kirlia 281
▲  name (id):  gardevoir 282
▲  name (id):  celebi 251
▲  name (id):  ralts 280
▲  name (id):  tapu-fini 788
▲  name (id):  geodude-alola 10109
▲  name (id):  mewtwo 150
▲  name (id):  bulbasaur 1
▲  name (id):  venusaur-gmax 10195
▲  name (id):  venusaur-mega 10033
▲  name (id):  gardevoir-mega 10051
▲  name (id):  venusaur 3
▲  name (id):  kommo-o 784
▲  name (id):  kommo-o-totem 10146
▲  name (id):  ivysaur 2
▲  name (id):  mewtwo-mega-y 10044
▲  name (id):  mewtwo-mega-x 10043
▲  name (id):  lairon 305
▲  name (id):  aron 304
▲  name (id):  snivy 495
▲  name (id):  victini 494
▲  name (id):  surskit 283
▲  name (id):  mamoswine 473
▲  name (id):  tentacruel 73
▲  name (id):  tentacool 72
▲  name (id):  geodude-alola 10109
▲  name (id):  geodude 74
▲  name (id):  masquerain 284
▲  name (id):  aggron-mega 10053
▲  name (id):  aggron 306
▲  name (id):  bulbasaur 1
▲  name (id):  yanmega 469
▲  name (id):  graveler-alola 10110
▲  name (id):  shroomish 285
▲  name (id):  venusaur-gmax 10195
▲  name (id):  venusaur-mega 10033
▲  name (id):  venusaur 3
▲  name (id):  wartortle 8
▲  name (id):  blastoise-mega 10036
▲  name (id):  blastoise 9
▲  name (id):  ivysaur 2
▲  name (id):  golem-alola 10111
▲  name (id):  servine 496
▲  name (id):  squirtle 7
▲  name (id):  tepig 498
▲  name (id):  graveler-alola 10110
▲  name (id):  blastoise-gmax 10197
▲  name (id):  electrike 309
▲  name (id):  pignite 499
▲  name (id):  golem-alola 10111
▲  name (id):  golem 76
▲  name (id):  meditite 307
▲  name (id):  golem-alola 10111
▲  name (id):  serperior 497
▲  name (id):  graveler-alola 10110
▲  name (id):  graveler 75
▲  name (id):  slakoth 287
▲  name (id):  medicham-mega 10054
▲  name (id):  medicham 308
▲  name (id):  breloom 286
▲  name (id):  mew 151
▲  name (id):  vigoroth 288
▲  name (id):  slaking 289
▲  name (id):  charmander 4
▲  name (id):  charmeleon 5
▲  name (id):  charizard-mega-x 10034
▲  name (id):  charizard 6
▲  name (id):  oshawott 501
▲  name (id):  dewott 502
▲  name (id):  charizard-gmax 10196
▲  name (id):  emboar 500
▲  name (id):  slowpoke-galar 10164
▲  name (id):  slowpoke 79
▲  name (id):  plusle 311
▲  name (id):  charizard-mega-y 10035
▲  name (id):  doduo 84
▲  name (id):  manectric-mega 10055
▲  name (id):  manectric 310
▲  name (id):  magnemite 81
▲  name (id):  dodrio 85
▲  name (id):  minun 312
▲  name (id):  magneton 82
▲  name (id):  samurott 503
▲  name (id):  azurill 298
▲  name (id):  slowbro 80
▲  name (id):  venusaur 3
▲  name (id):  venusaur-mega 10033
▲  name (id):  venusaur-gmax 10195
▲  name (id):  ivysaur 2
▲  name (id):  makuhita 296
▲  name (id):  samurott-hisui 10236
▲  name (id):  hariyama 297
▲  name (id):  slowbro-mega 10071
▲  name (id):  slowbro-galar 10165
▲  name (id):  sableye 302
▲  name (id):  wartortle 8
▲  name (id):  illumise 314
▲  name (id):  patrat 504
▲  name (id):  squirtle 7
▲  name (id):  volbeat 313
▲  name (id):  lillipup 506
▲  name (id):  sableye-mega 10066
▲  name (id):  watchog 505
▲  name (id):  gulpin 316
▲  name (id):  roselia 315
▲  name (id):  charmeleon 5
▲  name (id):  charmander 4
▲  name (id):  magneton 82
▲  name (id):  magnemite 81
▲  name (id):  caterpie 10
▲  name (id):  grimer-alola 10112
▲  name (id):  grimer 88
▲  name (id):  muk-alola 10113
▲  name (id):  muk 89
▲  name (id):  meditite 307
▲  name (id):  purrloin 509
▲  name (id):  charizard 6
▲  name (id):  stoutland 508
▲  name (id):  charizard-mega-x 10034
▲  Generating static pages (2829/11318)
▲  name (id):  liepard 510
▲  name (id):  charizard-gmax 10196
▲  name (id):  herdier 507
▲  name (id):  charizard-mega-y 10035
▲  name (id):  medicham-mega 10054
▲  name (id):  medicham 308
▲  name (id):  carvanha 318
▲  name (id):  sharpedo-mega 10070
▲  name (id):  sharpedo 319
▲  name (id):  dewgong 87
▲  name (id):  swalot 317
▲  name (id):  seel 86
▲  name (id):  blastoise-gmax 10197
▲  name (id):  blastoise 9
▲  name (id):  blastoise-mega 10036
▲  name (id):  voltorb-hisui 10231
▲  name (id):  voltorb 100
▲  name (id):  pansear 513
▲  name (id):  electrode-hisui 10232
▲  name (id):  electrode 101
▲  name (id):  pansage 511
▲  name (id):  grimer-alola 10112
▲  name (id):  weedle 13
▲  name (id):  simisear 514
▲  name (id):  pikachu 25
▲  name (id):  pikachu-rock-star 10080
▲  name (id):  pikachu-belle 10081
▲  name (id):  metapod 11
▲  name (id):  wartortle 8
▲  name (id):  simisage 512
▲  name (id):  squirtle 7
▲  name (id):  grimer-alola 10112
▲  name (id):  pikachu-pop-star 10082
▲  name (id):  pikachu-libre 10084
▲  name (id):  gulpin 316
▲  name (id):  numel 322
▲  name (id):  wailord 321
▲  name (id):  pikachu-cosplay 10085
▲  name (id):  pikachu-phd 10083
▲  name (id):  wailmer 320
▲  name (id):  numel 322
▲  name (id):  swalot 317
▲  name (id):  pikachu-unova-cap 10097
▲  name (id):  pikachu-sinnoh-cap 10096
▲  name (id):  pikachu-original-cap 10094
▲  name (id):  pikachu-hoenn-cap 10095
▲  name (id):  camerupt 323
▲  name (id):  koffing 109
▲  name (id):  camerupt 323
▲  name (id):  simipour 516
▲  name (id):  musharna 518
▲  name (id):  panpour 515
▲  name (id):  pikachu-starter 10158
▲  name (id):  caterpie 10
▲  name (id):  butterfree-gmax 10198
▲  name (id):  butterfree 12
▲  name (id):  munna 517
▲  name (id):  pikachu-alola-cap 10099
▲  name (id):  camerupt-mega 10087
▲  name (id):  pikachu-kalos-cap 10098
▲  name (id):  weezing 110
▲  name (id):  weezing-galar 10167
▲  name (id):  rhyhorn 111
▲  name (id):  camerupt-mega 10087
▲  name (id):  pikachu-partner-cap 10148
▲  name (id):  pikachu-gmax 10199
▲  name (id):  shellder 90
▲  name (id):  blastoise-mega 10036
▲  name (id):  blastoise-gmax 10197
▲  name (id):  blastoise 9
▲  name (id):  kakuna 14
▲  name (id):  pikachu-world-cap 10160
▲  name (id):  pidove 519
▲  name (id):  tranquill 520
▲  name (id):  cloyster 91
▲  name (id):  torkoal 324
▲  name (id):  unfezant 521
▲  name (id):  metapod 11
▲  name (id):  weedle 13
▲  name (id):  torkoal 324
▲  name (id):  spoink 325
▲  name (id):  spoink 325
▲  name (id):  blitzle 522
▲  name (id):  pidgey 16
▲  name (id):  goldeen 118
▲  name (id):  butterfree-gmax 10198
▲  name (id):  butterfree 12
▲  name (id):  muk-alola 10113
▲  name (id):  grumpig 326
▲  name (id):  seadra 117
▲  name (id):  kakuna 14
▲  name (id):  zebstrika 523
▲  name (id):  horsea 116
▲  name (id):  muk-alola 10113
▲  name (id):  rhydon 112
▲  name (id):  grumpig 326
▲  name (id):  roggenrola 524
▲  name (id):  gigalith 526
▲  name (id):  boldore 525
▲  name (id):  beedrill-mega 10090
▲  name (id):  beedrill 15
▲  name (id):  raichu-alola 10100
▲  name (id):  raichu 26
▲  name (id):  pidgey 16
▲  name (id):  beedrill-mega 10090
▲  name (id):  beedrill 15
▲  name (id):  swablu 333
▲  name (id):  drilbur 529
▲  name (id):  trapinch 328
▲  name (id):  woobat 527
▲  name (id):  vibrava 329
▲  name (id):  pidgeotto 17
▲  name (id):  pidgeotto 17
▲  name (id):  staryu 120
▲  name (id):  haunter 93
▲  name (id):  gastly 92
▲  name (id):  excadrill 530
▲  name (id):  pinsir 127
▲  name (id):  swoobat 528
▲  name (id):  altaria 334
▲  name (id):  flygon 330
▲  name (id):  gengar-mega 10038
▲  name (id):  gengar 94
▲  name (id):  rattata 19
▲  name (id):  gengar-gmax 10202
▲  name (id):  starmie 121
▲  name (id):  rattata 19
▲  name (id):  sandshrew-alola 10101
▲  name (id):  sandshrew 27
▲  name (id):  timburr 532
▲  name (id):  sandslash-alola 10102
▲  name (id):  sandslash 28
▲  name (id):  gurdurr 533
▲  name (id):  seaking 119
▲  name (id):  pidgeot-mega 10073
▲  name (id):  pidgeot 18
▲  name (id):  spinda 327
▲  name (id):  cacturne 332
▲  name (id):  cacnea 331
▲  name (id):  audino-mega 10069
▲  name (id):  audino 531
▲  name (id):  pidgeot-mega 10073
▲  name (id):  pidgeot 18
▲  name (id):  exeggcute 102
▲  name (id):  pinsir-mega 10040
▲  name (id):  drowzee 96
▲  name (id):  rattata-alola 10091
▲  name (id):  hypno 97
▲  name (id):  magikarp 129
▲  name (id):  altaria-mega 10067
▲  name (id):  rattata-alola 10091
▲  name (id):  palpitoad 536
▲  name (id):  golduck 55
▲  name (id):  tympole 535
▲  name (id):  swablu 333
▲  name (id):  conkeldurr 534
▲  name (id):  jigglypuff 39
▲  name (id):  barboach 339
▲  name (id):  wigglytuff 40
▲  name (id):  seismitoad 537
▲  name (id):  cacnea 331
▲  name (id):  psyduck 54
▲  name (id):  gyarados-mega 10041
▲  name (id):  gyarados 130
▲  name (id):  seviper 336
▲  name (id):  raticate-alola 10092
▲  name (id):  cacturne 332
▲  name (id):  raticate 20
▲  name (id):  raticate-totem-alola 10093
▲  name (id):  altaria 334
▲  name (id):  zangoose 335
▲  name (id):  altaria-mega 10067
▲  name (id):  throh 538
▲  name (id):  swadloon 541
▲  name (id):  cubone 104
▲  name (id):  poliwag 60
▲  name (id):  sewaddle 540
▲  name (id):  raticate 20
▲  name (id):  raticate-alola 10092
▲  name (id):  raticate-totem-alola 10093
▲  name (id):  exeggutor-alola 10114
▲  name (id):  chinchou 170
▲  name (id):  sawk 539
▲  name (id):  lanturn 171
▲  name (id):  pichu 172
▲  name (id):  spearow 21
▲  name (id):  fearow 22
▲  name (id):  exeggutor-alola 10114
▲  name (id):  arbok 24
▲  name (id):  lunatone 337
▲  name (id):  crobat 169
▲  name (id):  ekans 23
▲  name (id):  shuppet 353
▲  name (id):  whiscash 340
▲  name (id):  banette-mega 10056
▲  name (id):  banette 354
▲  name (id):  zangoose 335
▲  name (id):  abra 63
▲  name (id):  poliwrath 62
▲  name (id):  poliwhirl 61
▲  name (id):  seviper 336
▲  name (id):  marowak-alola 10115
▲  name (id):  venipede 543
▲  name (id):  whirlipede 544
▲  name (id):  fearow 22
▲  name (id):  spearow 21
▲  name (id):  marowak-alola 10115
▲  name (id):  ekans 23
▲  name (id):  scolipede 545
▲  name (id):  marowak-alola 10115
▲  name (id):  leavanny 542
▲  name (id):  arbok 24
▲  name (id):  bellossom 182
▲  name (id):  snorunt 361
▲  name (id):  glalie 362
▲  name (id):  glalie-mega 10074
▲  name (id):  tropius 357
▲  name (id):  whiscash 340
▲  name (id):  natu 177
▲  name (id):  kadabra 64
▲  name (id):  solrock 338
▲  name (id):  corphish 341
▲  name (id):  igglybuff 174
▲  name (id):  xatu 178
▲  name (id):  barboach 339
▲  name (id):  tentacool 72
▲  name (id):  whimsicott 547
▲  name (id):  lickitung 108
▲  name (id):  wobbuffet 202
▲  name (id):  cottonee 546
▲  name (id):  petilil 548
▲  name (id):  alakazam 65
▲  name (id):  alakazam-mega 10037
▲  name (id):  lilligant 549
▲  name (id):  chansey 113
▲  name (id):  lilligant-hisui 10237
▲  name (id):  bagon 371
▲  name (id):  shelgon 372
▲  name (id):  luvdisc 370
▲  name (id):  azumarill 184
▲  name (id):  girafarig 203
▲  name (id):  lileep 345
▲  name (id):  claydol 344
▲  name (id):  baltoy 343
▲  name (id):  crawdaunt 342
▲  name (id):  marill 183
▲  name (id):  goldeen 118
▲  name (id):  salamence 373
▲  name (id):  basculin-white-striped 10247
▲  name (id):  basculin-red-striped 550
▲  name (id):  basculin-blue-striped 10016
▲  name (id):  slowpoke-galar 10164
▲  name (id):  seaking 119
▲  name (id):  salamence-mega 10089
▲  name (id):  feebas 349
▲  name (id):  tentacruel 73
▲  name (id):  slugma 218
▲  name (id):  anorith 347
▲  name (id):  armaldo 348
▲  name (id):  slowpoke-galar 10164
▲  name (id):  magcargo 219
▲  name (id):  cradily 346
▲  name (id):  starly 396
▲  name (id):  staraptor 398
▲  name (id):  staravia 397
▲  name (id):  darumaka 554
▲  name (id):  krokorok 552
▲  name (id):  heracross-mega 10047
▲  name (id):  heracross 214
▲  name (id):  sandile 551
▲  name (id):  krookodile 553
▲  name (id):  kangaskhan 115
▲  name (id):  kangaskhan-mega 10039
▲  name (id):  darumaka-galar 10176
▲  name (id):  kricketot 401
▲  name (id):  milotic 350
▲  name (id):  luxio 404
▲  name (id):  shinx 403
▲  name (id):  kricketune 402
▲  name (id):  pikachu-pop-star 10082
▲  name (id):  pikachu-rock-star 10080
▲  name (id):  pikachu-belle 10081
▲  name (id):  pikachu 25
▲  name (id):  slowbro-galar 10165
▲  name (id):  kingdra 230
▲  name (id):  pikachu-rock-star 10080
▲  name (id):  pikachu-pop-star 10082
▲  name (id):  pikachu 25
▲  name (id):  pikachu-belle 10081
▲  name (id):  pikachu-cosplay 10085
▲  name (id):  pikachu-libre 10084
▲  name (id):  pikachu-phd 10083
▲  name (id):  slowbro-galar 10165
▲  name (id):  pikachu-original-cap 10094
▲  name (id):  slowbro-galar 10165
▲  name (id):  pikachu-cosplay 10085
▲  name (id):  pikachu-libre 10084
▲  name (id):  corsola 222
▲  name (id):  corsola-galar 10173
▲  name (id):  skarmory 227
▲  name (id):  pikachu-original-cap 10094
▲  name (id):  pikachu-hoenn-cap 10095
▲  name (id):  pikachu-sinnoh-cap 10096
▲  name (id):  pikachu-unova-cap 10097
▲  name (id):  luxray 405
▲  name (id):  pachirisu 417
▲  name (id):  mr-mime-galar 10168
▲  name (id):  mr-mime 122
▲  name (id):  darmanitan-galar-standard 10177
▲  name (id):  darmanitan-zen 10017
▲  name (id):  darmanitan-standard 555
▲  name (id):  vespiquen 416
▲  name (id):  pikachu-phd 10083
▲  name (id):  combee 415
▲  name (id):  staryu 120
▲  name (id):  darmanitan-galar-zen 10178
▲  name (id):  magneton 82
▲  name (id):  pikachu-kalos-cap 10098
▲  name (id):  magnemite 81
▲  name (id):  castform-rainy 10014
▲  name (id):  castform 351
▲  name (id):  castform-sunny 10013
▲  name (id):  starmie 121
▲  name (id):  pikachu-hoenn-cap 10095
▲  name (id):  pikachu-kalos-cap 10098
▲  name (id):  pikachu-unova-cap 10097
▲  name (id):  pikachu-starter 10158
▲  name (id):  pikachu-sinnoh-cap 10096
▲  name (id):  pikachu-partner-cap 10148
▲  name (id):  phanpy 231
▲  name (id):  dwebble 557
▲  name (id):  pikachu-alola-cap 10099
▲  name (id):  pikachu-starter 10158
▲  name (id):  treecko 252
▲  name (id):  pikachu-world-cap 10160
▲  name (id):  pikachu-gmax 10199
▲  name (id):  pikachu-world-cap 10160
▲  name (id):  donphan 232
▲  name (id):  grovyle 253
▲  name (id):  maractus 556
▲  name (id):  pikachu-partner-cap 10148
▲  name (id):  castform-snowy 10015
▲  name (id):  buizel 418
▲  name (id):  pikachu-alola-cap 10099
▲  name (id):  crustle 558
▲  name (id):  pikachu-gmax 10199
▲  name (id):  floatzel 419
▲  name (id):  shellos 422
▲  name (id):  shuppet 353
▲  name (id):  kingler 99
▲  name (id):  krabby 98
▲  name (id):  kecleon 352
▲  name (id):  combusken 256
▲  name (id):  banette 354
▲  name (id):  torchic 255
▲  name (id):  scyther 123
▲  name (id):  sigilyph 561
▲  name (id):  scraggy 559
▲  name (id):  cloyster 91
▲  name (id):  gastrodon 423
▲  name (id):  banette-mega 10056
▲  name (id):  yamask 562
▲  name (id):  sceptile-mega 10065
▲  name (id):  sceptile 254
▲  name (id):  jynx 124
▲  name (id):  sandshrew 27
▲  name (id):  raichu 26
▲  name (id):  raichu-alola 10100
▲  name (id):  magmar 126
▲  name (id):  raichu-alola 10100
▲  name (id):  raichu 26
▲  name (id):  shellder 90
▲  name (id):  sandshrew 27
▲  name (id):  kingler-gmax 10203
▲  name (id):  sandshrew-alola 10101
▲  name (id):  scrafty 560
▲  name (id):  honchkrow 430
▲  name (id):  electabuzz 125
▲  name (id):  duskull 355
▲  name (id):  dusclops 356
▲  name (id):  yamask-galar 10179
▲  name (id):  mudkip 258
▲  name (id):  sandshrew-alola 10101
▲  name (id):  marshtomp 259
▲  name (id):  mismagius 429
▲  name (id):  tropius 357
▲  name (id):  drifloon 425
▲  name (id):  nidoran-f 29
▲  name (id):  drifblim 426
▲  name (id):  blaziken-mega 10050
▲  name (id):  blaziken 257
▲  name (id):  wynaut 360
▲  name (id):  carracosta 565
▲  name (id):  tirtouga 564
▲  name (id):  nidoran-f 29
▲  name (id):  cofagrigus 563
▲  name (id):  exeggcute 102
▲  name (id):  exeggutor-alola 10114
▲  name (id):  exeggutor 103
▲  name (id):  sandslash-alola 10102
▲  name (id):  sandslash 28
▲  name (id):  sandslash-alola 10102
▲  name (id):  sandslash 28
▲  name (id):  poochyena 261
▲  name (id):  bronzong 437
▲  name (id):  chimecho 358
▲  name (id):  stunky 434
▲  name (id):  mightyena 262
▲  name (id):  absol 359
▲  name (id):  absol-mega 10057
▲  name (id):  swampert-mega 10064
▲  name (id):  skuntank 435
▲  name (id):  swampert 260
▲  name (id):  pinsir 127
▲  name (id):  pinsir-mega 10040
▲  name (id):  trubbish 568
▲  name (id):  archeops 567
▲  name (id):  garbodor 569
▲  name (id):  tauros-paldea-combat-breed 10250
▲  name (id):  tauros 128
▲  name (id):  nidorina 30
▲  name (id):  archen 566
▲  name (id):  bronzor 436
▲  name (id):  garbodor-gmax 10207
▲  name (id):  nidorino 33
▲  name (id):  nidoran-m 32
▲  name (id):  tauros-paldea-aqua-breed 10252
▲  name (id):  tauros-paldea-blaze-breed 10251
▲  name (id):  nidorina 30
▲  name (id):  nidoran-m 32
▲  name (id):  cubone 104
▲  name (id):  nidorino 33
▲  name (id):  nidoqueen 31
▲  name (id):  snorunt 361
▲  name (id):  nidoqueen 31
▲  name (id):  magikarp 129
▲  name (id):  glalie 362
▲  name (id):  glalie-mega 10074
▲  name (id):  spheal 363
▲  name (id):  zigzagoon-galar 10174
▲  name (id):  zigzagoon 263
▲  name (id):  zorua-hisui 10238
▲  name (id):  zorua 570
▲  name (id):  happiny 440
▲  name (id):  gible 443
▲  name (id):  bonsly 438
▲  name (id):  zoroark 571
▲  name (id):  spiritomb 442
▲  name (id):  zoroark-hisui 10239
▲  name (id):  marowak-totem 10149
▲  name (id):  marowak-alola 10115
▲  name (id):  marowak 105
▲  name (id):  linoone 264
▲  name (id):  linoone-galar 10175
▲  name (id):  gyarados 130
▲  name (id):  sealeo 364
▲  name (id):  walrein 365
▲  name (id):  clamperl 366
▲  name (id):  huntail 367
▲  name (id):  cascoon 268
▲  Generating static pages (3348/11318)
▲  name (id):  silcoon 266
▲  name (id):  wurmple 265
▲  name (id):  gyarados-mega 10041
▲  name (id):  minccino 572
▲  name (id):  vulpix 37
▲  name (id):  vulpix 37
▲  name (id):  gothita 574
▲  name (id):  clefable 36
▲  name (id):  nidoking 34
▲  name (id):  gorebyss 368
▲  name (id):  ditto 132
▲  name (id):  cinccino 573
▲  name (id):  beautifly 267
▲  name (id):  nidoking 34
▲  name (id):  gabite 444
▲  name (id):  riolu 447
▲  name (id):  clefairy 35
▲  name (id):  bagon 371
▲  name (id):  clefable 36
▲  name (id):  garchomp-mega 10058
▲  name (id):  garchomp 445
▲  name (id):  clefairy 35
▲  name (id):  lickitung 108
▲  name (id):  rhydon 112
▲  name (id):  vulpix-alola 10103
▲  name (id):  vulpix-alola 10103
▲  name (id):  solosis 577
▲  name (id):  luvdisc 370
▲  name (id):  lotad 270
▲  name (id):  gothorita 575
▲  name (id):  dustox 269
▲  name (id):  hippowdon 450
▲  name (id):  hippopotas 449
▲  name (id):  duosion 578
▲  name (id):  rhyhorn 111
▲  name (id):  lombre 271
▲  name (id):  chansey 113
▲  name (id):  gothitelle 576
▲  name (id):  lapras-gmax 10204
▲  name (id):  lapras 131
▲  name (id):  relicanth 369
▲  name (id):  ludicolo 272
▲  name (id):  ninetales-alola 10104
▲  name (id):  ninetales 38
▲  name (id):  lucario-mega 10059
▲  name (id):  lucario 448
▲  name (id):  ducklett 580
▲  name (id):  beldum 374
▲  name (id):  reuniclus 579
▲  name (id):  vanillite 582
▲  name (id):  jigglypuff 39
▲  name (id):  jigglypuff 39
▲  name (id):  tangela 114
▲  name (id):  eevee-starter 10159
▲  name (id):  eevee-gmax 10205
▲  name (id):  eevee 133
▲  name (id):  ninetales 38
▲  name (id):  ninetales-alola 10104
▲  name (id):  swanna 581
▲  name (id):  seedot 273
▲  name (id):  salamence-mega 10089
▲  name (id):  salamence 373
▲  name (id):  vaporeon 134
▲  name (id):  shelgon 372
▲  name (id):  shiftry 275
▲  name (id):  finneon 456
▲  name (id):  kangaskhan-mega 10039
▲  name (id):  kangaskhan 115
▲  name (id):  taillow 276
▲  name (id):  horsea 116
▲  name (id):  croagunk 453
▲  name (id):  lumineon 457
▲  name (id):  toxicroak 454
▲  name (id):  vanillish 583
▲  name (id):  oddish 43
▲  name (id):  nuzleaf 274
▲  name (id):  oddish 43
▲  name (id):  golbat 42
▲  name (id):  vanilluxe 584
▲  name (id):  golbat 42
▲  name (id):  zubat 41
▲  name (id):  zubat 41
▲  name (id):  sawsbuck 586
▲  name (id):  deerling 585
▲  name (id):  swellow 277
▲  name (id):  seaking 119
▲  name (id):  flareon 136
▲  name (id):  regirock 377
▲  name (id):  staryu 120
▲  name (id):  porygon 137
▲  name (id):  wigglytuff 40
▲  name (id):  emolga 587
▲  name (id):  metagross 376
▲  name (id):  metagross-mega 10076
▲  name (id):  wigglytuff 40
▲  name (id):  foongus 590
▲  name (id):  escavalier 589
▲  name (id):  jolteon 135
▲  name (id):  omanyte 138
▲  name (id):  snover 459
▲  name (id):  wingull 278
▲  name (id):  pelipper 279
▲  name (id):  metang 375
▲  name (id):  goldeen 118
▲  name (id):  ralts 280
▲  name (id):  karrablast 588
▲  name (id):  abomasnow-mega 10060
▲  name (id):  abomasnow 460
▲  name (id):  seadra 117
▲  name (id):  gloom 44
▲  name (id):  vileplume 45
▲  name (id):  amoonguss 591
▲  name (id):  surskit 283
▲  name (id):  kabuto 140
▲  name (id):  jellicent 593
▲  name (id):  weavile 461
▲  name (id):  alomomola 594
▲  name (id):  registeel 379
▲  name (id):  gloom 44
▲  name (id):  regice 378
▲  name (id):  frillish 592
▲  name (id):  kirlia 281
▲  name (id):  parasect 47
▲  name (id):  vileplume 45
▲  name (id):  paras 46
▲  name (id):  kabutops 141
▲  name (id):  paras 46
▲  name (id):  omastar 139
▲  name (id):  parasect 47
▲  name (id):  aerodactyl 142
▲  name (id):  galvantula 596
▲  name (id):  ferrothorn 598
▲  name (id):  joltik 595
▲  name (id):  scyther 123
▲  name (id):  latias 380
▲  name (id):  latias-mega 10062
▲  name (id):  gardevoir 282
▲  name (id):  gardevoir-mega 10051
▲  name (id):  glaceon 471
▲  name (id):  pinsir 127
▲  name (id):  pinsir-mega 10040
▲  name (id):  aerodactyl-mega 10042
▲  name (id):  ferroseed 597
▲  name (id):  magnezone 462
▲  name (id):  venomoth 49
▲  name (id):  venonat 48
▲  name (id):  leafeon 470
▲  name (id):  tynamo 602
▲  name (id):  starmie 121
▲  name (id):  shroomish 285
▲  name (id):  venonat 48
▲  name (id):  snorlax-gmax 10206
▲  name (id):  snorlax 143
▲  name (id):  klink 599
▲  name (id):  klinklang 601
▲  name (id):  venomoth 49
▲  name (id):  kyogre 382
▲  name (id):  kyogre-primal 10077
▲  name (id):  diglett-alola 10105
▲  name (id):  diglett 50
▲  name (id):  diglett-alola 10105
▲  name (id):  diglett 50
▲  name (id):  masquerain 284
▲  name (id):  klang 600
▲  name (id):  breloom 286
▲  name (id):  gallade 475
▲  name (id):  slakoth 287
▲  name (id):  latios-mega 10063
▲  name (id):  latios 381
▲  name (id):  dratini 147
▲  name (id):  gallade-mega 10068
▲  name (id):  eelektrik 603
▲  name (id):  nincada 290
▲  name (id):  elgyem 605
▲  name (id):  ninjask 291
▲  name (id):  eelektross 604
▲  name (id):  tauros-paldea-blaze-breed 10251
▲  name (id):  tauros-paldea-combat-breed 10250
▲  name (id):  tauros-paldea-aqua-breed 10252
▲  name (id):  tauros 128
▲  name (id):  beheeyem 606
▲  name (id):  froslass 478
▲  name (id):  slaking 289
▲  name (id):  hoothoot 163
▲  name (id):  dugtrio-alola 10106
▲  name (id):  dugtrio 51
▲  name (id):  rayquaza 384
▲  name (id):  rayquaza-mega 10079
▲  name (id):  vigoroth 288
▲  name (id):  groudon-primal 10078
▲  name (id):  groudon 383
▲  name (id):  dragonair 148
▲  name (id):  ditto 132
▲  name (id):  dugtrio-alola 10106
▲  name (id):  dugtrio 51
▲  name (id):  litwick 607
▲  name (id):  noctowl 164
▲  name (id):  magikarp 129
▲  name (id):  axew 610
▲  name (id):  chandelure 609
▲  name (id):  dragonite 149
▲  name (id):  lampent 608
▲  name (id):  meowth-alola 10107
▲  name (id):  meowth 52
▲  name (id):  meowth-gmax 10200
▲  name (id):  rotom-heat 10008
▲  name (id):  rotom 479
▲  name (id):  gyarados-mega 10041
▲  name (id):  gyarados 130
▲  name (id):  meowth-galar 10161
▲  name (id):  whismur 293
▲  name (id):  shedinja 292
▲  name (id):  rotom-fan 10011
▲  name (id):  jirachi 385
▲  name (id):  rotom-mow 10012
▲  name (id):  exploud 295
▲  name (id):  beartic 614
▲  name (id):  rotom-frost 10010
▲  name (id):  ledyba 165
▲  name (id):  haxorus 612
▲  name (id):  fraxure 611
▲  name (id):  ledian 166
▲  name (id):  rotom-wash 10009
▲  name (id):  meowth 52
▲  name (id):  meowth-alola 10107
▲  name (id):  cubchoo 613
▲  name (id):  meowth-gmax 10200
▲  name (id):  ariados 168
▲  name (id):  loudred 294
▲  name (id):  spinarak 167
▲  name (id):  meowth-galar 10161
▲  name (id):  lanturn 171
▲  name (id):  pichu 172
▲  name (id):  porygon 137
▲  name (id):  petilil 548
▲  name (id):  cryogonal 615
▲  name (id):  chinchou 170
▲  name (id):  shelmet 616
▲  name (id):  azurill 298
▲  name (id):  lilligant-hisui 10237
▲  name (id):  lilligant 549
▲  name (id):  stunfisk 618
▲  name (id):  deoxys-attack 10001
▲  name (id):  deoxys-normal 386
▲  name (id):  deoxys-defense 10002
▲  name (id):  persian-alola 10108
▲  name (id):  persian 53
▲  name (id):  accelgor 617
▲  name (id):  nosepass 299
▲  name (id):  chinchou 170
▲  name (id):  basculin-red-striped 550
▲  name (id):  crobat 169
▲  name (id):  stunfisk-galar 10180
▲  name (id):  basculin-white-striped 10247
▲  name (id):  pichu 172
▲  name (id):  makuhita 296
▲  name (id):  hariyama 297
▲  name (id):  basculin-blue-striped 10016
▲  name (id):  deoxys-speed 10003
▲  name (id):  persian 53
▲  name (id):  persian-alola 10108
▲  name (id):  lanturn 171
▲  name (id):  budew 406
▲  name (id):  chingling 433
▲  name (id):  azumarill 184
▲  name (id):  politoed 186
▲  name (id):  marill 183
▲  name (id):  mienshao 620
▲  name (id):  roserade 407
▲  name (id):  mienfoo 619
▲  name (id):  krokorok 552
▲  name (id):  igglybuff 174
▲  name (id):  sandile 551
▲  name (id):  mankey 56
▲  name (id):  druddigon 621
▲  name (id):  delcatty 301
▲  name (id):  skitty 300
▲  name (id):  golduck 55
▲  name (id):  psyduck 54
▲  name (id):  mankey 56
▲  name (id):  igglybuff 174
▲  name (id):  primeape 57
▲  name (id):  cleffa 173
▲  name (id):  xatu 178
▲  name (id):  primeape 57
▲  name (id):  natu 177
▲  name (id):  rhyperior 464
▲  name (id):  wooper-paldea 10253
▲  name (id):  wooper 194
▲  name (id):  magnezone 462
▲  name (id):  zorua-hisui 10238
▲  name (id):  zorua 570
▲  name (id):  krookodile 553
▲  name (id):  golduck 55
▲  name (id):  psyduck 54
▲  name (id):  quagsire 195
▲  name (id):  golett 622
▲  name (id):  sableye-mega 10066
▲  name (id):  sableye 302
